============================= test session starts =============================
platform win32 -- Python 3.13.1, pytest-8.4.2, pluggy-1.6.0 -- C:\Python313\python.exe
cachedir: .pytest_cache
rootdir: C:\Users\oumme\OneDrive\Desktop\Predictive Maintenance
plugins: anyio-4.10.0, env-1.1.5
collecting ... collected 177 items

tests/test_api.py::TestValidPayloads::test_valid_event_returns_200 SKIPPED [  0%]
tests/test_api.py::TestValidPayloads::test_power_kw_computed_correctly SKIPPED [  1%]
tests/test_api.py::TestPowerKwRejection::test_power_kw_in_request_returns_422 FAILED [  1%]
tests/test_api.py::TestEventIdValidation::test_invalid_uuid_returns_422 FAILED [  2%]
tests/test_api.py::TestEventIdValidation::test_uuid_v1_returns_422 FAILED [  2%]
tests/test_api.py::TestEventIdValidation::test_empty_event_id_returns_422 FAILED [  3%]
tests/test_api.py::TestTimestampValidation::test_naive_datetime_returns_422 FAILED [  3%]
tests/test_api.py::TestTimestampValidation::test_utc_timestamp_accepted PASSED [  4%]
tests/test_api.py::TestOperatingStateValidation::test_invalid_operating_state_returns_422 FAILED [  5%]
tests/test_api.py::TestOperatingStateValidation::test_valid_operating_states_accepted SKIPPED [  5%]
tests/test_api.py::TestPowerFactorValidation::test_power_factor_above_1_returns_422 FAILED [  6%]
tests/test_api.py::TestPowerFactorValidation::test_power_factor_negative_returns_422 FAILED [  6%]
tests/test_api.py::TestMissingFields::test_missing_event_id_returns_422 FAILED [  7%]
tests/test_api.py::TestMissingFields::test_missing_signals_returns_422 FAILED [  7%]
tests/test_api.py::TestMissingFields::test_missing_voltage_returns_422 FAILED [  8%]
tests/test_api.py::TestHealthEndpoint::test_health_returns_200_when_db_healthy SKIPPED [  9%]
tests/test_api.py::TestIntegration::test_event_written_to_influxdb SKIPPED [  9%]
tests/test_assessor.py::TestHealthScoreComputation::test_health_formula_is_deterministic FAILED [ 10%]
tests/test_assessor.py::TestHealthScoreComputation::test_same_input_same_output FAILED [ 10%]
tests/test_assessor.py::TestHealthScoreComputation::test_health_score_clamped PASSED [ 11%]
tests/test_assessor.py::TestHealthScoreComputation::test_health_score_bounds PASSED [ 11%]
tests/test_assessor.py::TestRiskClassification::test_uses_named_constants PASSED [ 12%]
tests/test_assessor.py::TestRiskClassification::test_critical_below_threshold PASSED [ 12%]
tests/test_assessor.py::TestRiskClassification::test_high_between_thresholds PASSED [ 13%]
tests/test_assessor.py::TestRiskClassification::test_moderate_between_thresholds PASSED [ 14%]
tests/test_assessor.py::TestRiskClassification::test_low_above_threshold PASSED [ 14%]
tests/test_assessor.py::TestRiskMonotonicity::test_monotonicity_holds PASSED [ 15%]
tests/test_assessor.py::TestRULEstimation::test_rul_is_heuristic_lookup PASSED [ 15%]
tests/test_assessor.py::TestRULEstimation::test_rul_is_positive PASSED   [ 16%]
tests/test_assessor.py::TestTrendCalculation::test_trend_is_slope PASSED [ 16%]
tests/test_assessor.py::TestTrendCalculation::test_trend_positive_means_worsening PASSED [ 17%]
tests/test_assessor.py::TestTrendCalculation::test_trend_negative_means_improving PASSED [ 18%]
tests/test_assessor.py::TestTrendCalculation::test_insufficient_data_returns_none PASSED [ 18%]
tests/test_assessor.py::TestExplanations::test_critical_always_has_explanation PASSED [ 19%]
tests/test_assessor.py::TestExplanations::test_low_risk_no_explanation_required PASSED [ 19%]
tests/test_assessor.py::TestMetadata::test_metadata_includes_versions PASSED [ 20%]
tests/test_assessor.py::TestFullAssessment::test_assess_returns_valid_report PASSED [ 20%]
tests/test_assessor.py::TestFullAssessment::test_report_schema_matches_contracts PASSED [ 21%]
tests/test_baseline.py::TestBaselineBuilder::test_build_from_healthy_data PASSED [ 22%]
tests/test_baseline.py::TestBaselineBuilder::test_filters_fault_injected_data PASSED [ 22%]
tests/test_baseline.py::TestBaselineBuilder::test_explicit_training_window PASSED [ 23%]
tests/test_baseline.py::TestBaselineBuilder::test_fails_on_empty_data PASSED [ 23%]
tests/test_baseline.py::TestBaselineBuilder::test_fails_on_low_coverage PASSED [ 24%]
tests/test_baseline.py::TestBaselineBuilder::test_ignores_nan_in_statistics PASSED [ 24%]
tests/test_baseline.py::TestSignalProfile::test_profile_has_required_fields PASSED [ 25%]
tests/test_baseline.py::TestSignalProfile::test_min_max_are_descriptive PASSED [ 25%]
tests/test_baseline.py::TestBaselinePersistence::test_save_and_load_roundtrip PASSED [ 26%]
tests/test_baseline.py::TestValidation::test_validate_baseline_structure PASSED [ 27%]
tests/test_baseline.py::TestValidation::test_check_healthy_data_passes_3sigma PASSED [ 27%]
tests/test_baseline.py::TestValidation::test_get_expected_range PASSED   [ 28%]
tests/test_baseline.py::TestValidation::test_validation_is_read_only PASSED [ 28%]
tests/test_baseline.py::TestAssetSpecific::test_one_asset_one_profile PASSED [ 29%]
tests/test_degradation.py::TestComputeCumulativeDegradation::test_zero_score_produces_no_damage PASSED [ 29%]
tests/test_degradation.py::TestComputeCumulativeDegradation::test_formula_matches_spec PASSED [ 30%]
tests/test_degradation.py::TestComputeCumulativeDegradation::test_max_severity_rate PASSED [ 31%]
tests/test_degradation.py::TestComputeCumulativeDegradation::test_monotonicity_never_decreases PASSED [ 31%]
tests/test_degradation.py::TestComputeCumulativeDegradation::test_monotonicity_strict PASSED [ 32%]
tests/test_degradation.py::TestComputeCumulativeDegradation::test_clamp_at_one PASSED [ 32%]
tests/test_degradation.py::TestComputeCumulativeDegradation::test_dt_scaling PASSED [ 33%]
tests/test_degradation.py::TestComputeCumulativeDegradation::test_severity_clamping PASSED [ 33%]
tests/test_degradation.py::TestHealthFromDegradation::test_new_asset PASSED [ 34%]
tests/test_degradation.py::TestHealthFromDegradation::test_dead_asset PASSED [ 35%]
tests/test_degradation.py::TestHealthFromDegradation::test_midpoint PASSED [ 35%]
tests/test_degradation.py::TestHealthFromDegradation::test_quarter PASSED [ 36%]
tests/test_degradation.py::TestHealthFromDegradation::test_clamped_high PASSED [ 36%]
tests/test_degradation.py::TestHealthFromDegradation::test_clamped_low PASSED [ 37%]
tests/test_degradation.py::TestRulFromDegradation::test_zero_damage_rate PASSED [ 37%]
tests/test_degradation.py::TestRulFromDegradation::test_known_rate PASSED [ 38%]
tests/test_degradation.py::TestRulFromDegradation::test_fully_degraded PASSED [ 38%]
tests/test_degradation.py::TestRiskFromHealth::test_critical PASSED      [ 39%]
tests/test_degradation.py::TestRiskFromHealth::test_high PASSED          [ 40%]
tests/test_degradation.py::TestRiskFromHealth::test_moderate PASSED      [ 40%]
tests/test_degradation.py::TestRiskFromHealth::test_low PASSED           [ 41%]
tests/test_degradation.py::TestRiskFromHealth::test_boundary_critical PASSED [ 41%]
tests/test_degradation.py::TestRiskFromHealth::test_boundary_high PASSED [ 42%]
tests/test_degradation.py::TestRiskFromHealth::test_boundary_moderate PASSED [ 42%]
tests/test_degradation.py::TestCrossedThresholds::test_no_crossing PASSED [ 43%]
tests/test_degradation.py::TestCrossedThresholds::test_cross_15 PASSED   [ 44%]
tests/test_degradation.py::TestCrossedThresholds::test_cross_multiple PASSED [ 44%]
tests/test_degradation.py::TestCrossedThresholds::test_cross_all PASSED  [ 45%]
tests/test_degradation.py::TestCrossedThresholds::test_exact_boundary PASSED [ 45%]
tests/test_degradation.py::TestCrossedThresholds::test_already_past_threshold PASSED [ 46%]
tests/test_degradation.py::TestDegradationLifecycle::test_healthy_to_degraded_lifecycle PASSED [ 46%]
tests/test_degradation.py::TestDegradationLifecycle::test_prolonged_fault_causes_escalation PASSED [ 47%]
tests/test_detector.py::TestAnomalyDetector::test_train_on_healthy_data PASSED [ 48%]
tests/test_detector.py::TestAnomalyDetector::test_training_is_deterministic PASSED [ 48%]
tests/test_detector.py::TestAnomalyDetector::test_score_range_is_0_to_1 PASSED [ 49%]
tests/test_detector.py::TestAnomalyDetector::test_healthy_data_scores_low PASSED [ 49%]
tests/test_detector.py::TestAnomalyDetector::test_faulty_data_scores_higher PASSED [ 50%]
tests/test_detector.py::TestAnomalyDetector::test_fails_on_empty_data PASSED [ 50%]
tests/test_detector.py::TestAnomalyDetector::test_fails_on_insufficient_data PASSED [ 51%]
tests/test_detector.py::TestAnomalyDetector::test_score_before_train_raises_error PASSED [ 51%]
tests/test_detector.py::TestModelPersistence::test_save_and_load_roundtrip PASSED [ 52%]
tests/test_detector.py::TestModelPersistence::test_loaded_model_scores_same PASSED [ 53%]
tests/test_detector.py::TestFeatureInput::test_uses_only_feature_columns PASSED [ 53%]
tests/test_detector.py::TestFeatureInput::test_rejects_data_with_only_raw_signals PASSED [ 54%]
tests/test_detector.py::TestAssetSpecific::test_one_model_per_asset PASSED [ 54%]
tests/test_detector.py::TestAssetSpecific::test_no_auto_retrain PASSED   [ 55%]
tests/test_explainer.py::TestMathSafety::test_handles_std_zero PASSED    [ 55%]
tests/test_explainer.py::TestMathSafety::test_epsilon_rule_ignores_tiny_differences PASSED [ 56%]
tests/test_explainer.py::TestMathSafety::test_large_difference_is_significant PASSED [ 57%]
tests/test_explainer.py::TestTemplates::test_explanation_includes_observed_value PASSED [ 57%]
tests/test_explainer.py::TestTemplates::test_explanation_includes_baseline_reference PASSED [ 58%]
tests/test_explainer.py::TestRiskFiltering::test_low_risk_returns_empty PASSED [ 58%]
tests/test_explainer.py::TestRiskFiltering::test_moderate_risk_generates_explanations PASSED [ 59%]
tests/test_explainer.py::TestRiskFiltering::test_critical_risk_generates_explanations PASSED [ 59%]
tests/test_explainer.py::TestTop3Limit::test_max_three_explanations PASSED [ 60%]
tests/test_explainer.py::TestTop3Limit::test_ranked_by_significance PASSED [ 61%]
tests/test_explainer.py::TestFeatureContribution::test_zscore_calculation PASSED [ 61%]
tests/test_explainer.py::TestFeatureContribution::test_negative_zscore_for_low_values PASSED [ 62%]
tests/test_explainer.py::TestSystemsNominal::test_generate_nominal_message PASSED [ 62%]
tests/test_features.py::TestVoltageRollingMean::test_rolling_mean_calculation PASSED [ 63%]
tests/test_features.py::TestVoltageRollingMean::test_rolling_mean_past_only PASSED [ 63%]
tests/test_features.py::TestVoltageRollingMean::test_empty_dataframe_returns_none PASSED [ 64%]
tests/test_features.py::TestVoltageRollingMean::test_single_point_returns_none PASSED [ 64%]
tests/test_features.py::TestCurrentSpikeCount::test_spike_detection_local_sigma PASSED [ 65%]
tests/test_features.py::TestCurrentSpikeCount::test_no_spikes_in_uniform_data PASSED [ 66%]
tests/test_features.py::TestCurrentSpikeCount::test_insufficient_data_returns_none PASSED [ 66%]
tests/test_features.py::TestPowerFactorScore::test_score_bounded_0_to_1 PASSED [ 67%]
tests/test_features.py::TestPowerFactorScore::test_score_monotonic PASSED [ 67%]
tests/test_features.py::TestPowerFactorScore::test_invalid_pf_clamped PASSED [ 68%]
tests/test_features.py::TestPowerFactorScore::test_nan_returns_none PASSED [ 68%]
tests/test_features.py::TestPowerFactorScore::test_none_returns_none PASSED [ 69%]
tests/test_features.py::TestVibrationRMS::test_rms_formula_correct PASSED [ 70%]
tests/test_features.py::TestVibrationRMS::test_single_point_returns_none PASSED [ 70%]
tests/test_features.py::TestComputeAllFeatures::test_all_features_computed PASSED [ 71%]
tests/test_features.py::TestComputeAllFeatures::test_idempotency PASSED  [ 71%]
tests/test_features.py::TestFeatureSchemas::test_derived_features_allows_none PASSED [ 72%]
tests/test_features.py::TestFeatureSchemas::test_pf_score_validation PASSED [ 72%]
tests/test_features.py::TestFeatureSchemas::test_feature_record_timestamp_required_utc PASSED [ 73%]
tests/test_features.py::TestFeatureSchemas::test_feature_record_valid PASSED [ 74%]
tests/test_generator.py::TestSchemaCompliance::test_event_has_required_fields PASSED [ 74%]
tests/test_generator.py::TestSchemaCompliance::test_event_validates_as_pydantic_model PASSED [ 75%]
tests/test_generator.py::TestSchemaCompliance::test_power_factor_bounded PASSED [ 75%]
tests/test_generator.py::TestSchemaCompliance::test_timestamp_is_utc PASSED [ 76%]
tests/test_generator.py::TestSchemaCompliance::test_source_is_always_simulator PASSED [ 76%]
tests/test_generator.py::TestDeterminism::test_same_seed_produces_identical_events PASSED [ 77%]
tests/test_generator.py::TestDeterminism::test_different_seeds_produce_different_events PASSED [ 77%]
tests/test_generator.py::TestDeterminism::test_reset_restores_determinism PASSED [ 78%]
tests/test_generator.py::TestPowerCalculation::test_power_kw_formula PASSED [ 79%]
tests/test_generator.py::TestPowerCalculation::test_power_kw_is_zero_when_off PASSED [ 79%]
tests/test_generator.py::TestVibrationFaultModes::test_healthy_mode_low_vibration PASSED [ 80%]
tests/test_generator.py::TestVibrationFaultModes::test_fault_mode_higher_vibration PASSED [ 80%]
tests/test_generator.py::TestVibrationFaultModes::test_degradation_progresses_over_time PASSED [ 81%]
tests/test_generator.py::TestOperatingStates::test_idle_state_low_current PASSED [ 81%]
tests/test_generator.py::TestOperatingStates::test_off_state_zero_current PASSED [ 82%]
tests/test_generator.py::TestOperatingStates::test_idle_does_not_trigger_failure_vibration PASSED [ 83%]
tests/test_generator.py::TestOperatingStates::test_off_does_not_trigger_failure_vibration PASSED [ 83%]
tests/test_generator.py::TestOperatingStates::test_degradation_does_not_progress_when_idle PASSED [ 84%]
tests/test_generator.py::TestOperatingStates::test_degradation_does_not_progress_when_off PASSED [ 84%]
tests/test_generator.py::TestJSONSerialization::test_event_serializes_to_valid_json PASSED [ 85%]
tests/test_generator.py::TestJSONSerialization::test_json_structure_matches_contract PASSED [ 85%]
tests/test_reports.py::TestPDFGeneration::test_generates_valid_pdf_bytes PASSED [ 86%]
tests/test_reports.py::TestPDFGeneration::test_pdf_starts_with_magic_bytes PASSED [ 87%]
tests/test_reports.py::TestPDFGeneration::test_pdf_is_substantial PASSED [ 87%]
tests/test_reports.py::TestPDFGeneration::test_pdf_ends_with_eof PASSED  [ 88%]
tests/test_reports.py::TestExcelGeneration::test_generates_valid_excel_bytes FAILED [ 88%]
tests/test_reports.py::TestExcelGeneration::test_excel_starts_with_magic_bytes FAILED [ 89%]
tests/test_reports.py::TestExcelGeneration::test_excel_can_be_read_by_pandas FAILED [ 89%]
tests/test_reports.py::TestFilenameGeneration::test_filename_pattern PASSED [ 90%]
tests/test_reports.py::TestFilenameGeneration::test_filename_sanitizes_spaces PASSED [ 90%]
tests/test_reports.py::TestFilenameGeneration::test_filename_sanitizes_slashes PASSED [ 91%]
tests/test_reports.py::TestSnapshotRule::test_uses_provided_health_score_in_excel FAILED [ 92%]
tests/test_reports.py::TestSnapshotRule::test_uses_provided_timestamp_in_excel FAILED [ 92%]
tests/test_reports.py::TestContentCompleteness::test_includes_maintenance_window FAILED [ 93%]
tests/test_reports.py::TestContentCompleteness::test_includes_risk_level FAILED [ 93%]
tests/test_reports.py::TestContentCompleteness::test_includes_model_version FAILED [ 94%]
tests/test_storage.py::TestConnection::test_connection_succeeds SKIPPED  [ 94%]
tests/test_storage.py::TestConnection::test_ping_responds SKIPPED (I...) [ 95%]
tests/test_storage.py::TestConnection::test_config_loads_from_environment FAILED [ 96%]
tests/test_storage.py::TestWriteAndRead::test_write_and_read_single_event SKIPPED [ 96%]
tests/test_storage.py::TestWriteAndRead::test_write_batch_events SKIPPED [ 97%]
tests/test_storage.py::TestWriteAndRead::test_write_from_generator_output SKIPPED [ 97%]
tests/test_storage.py::TestQueryFeatures::test_query_all_returns_data SKIPPED [ 98%]
tests/test_storage.py::TestSchemaCompliance::test_event_id_is_stored_as_field_not_tag SKIPPED [ 98%]
tests/test_storage.py::TestErrorHandling::test_write_missing_field_raises_error SKIPPED [ 99%]
tests/test_storage.py::TestErrorHandling::test_not_connected_raises_error PASSED [100%]

================================== FAILURES ===================================
__________ TestPowerKwRejection.test_power_kw_in_request_returns_422 __________
backend\storage\client.py:63: in connect
    raise InfluxDBClientError("Failed to ping InfluxDB")
E   backend.storage.client.InfluxDBClientError: Failed to ping InfluxDB

The above exception was the direct cause of the following exception:
tests\test_api.py:113: in test_power_kw_in_request_returns_422
    response = client.post("/ingest", json=payload)
               ^^^^^^^^^^^^^^^^^^^^^^^^^^^^^^^^^^^^
..\..\..\AppData\Roaming\Python\Python313\site-packages\starlette\testclient.py:552: in post
    return super().post(
..\..\..\AppData\Roaming\Python\Python313\site-packages\httpx\_client.py:1144: in post
    return self.request(
..\..\..\AppData\Roaming\Python\Python313\site-packages\starlette\testclient.py:451: in request
    return super().request(
..\..\..\AppData\Roaming\Python\Python313\site-packages\httpx\_client.py:825: in request
    return self.send(request, auth=auth, follow_redirects=follow_redirects)
           ^^^^^^^^^^^^^^^^^^^^^^^^^^^^^^^^^^^^^^^^^^^^^^^^^^^^^^^^^^^^^^^^
..\..\..\AppData\Roaming\Python\Python313\site-packages\httpx\_client.py:914: in send
    response = self._send_handling_auth(
..\..\..\AppData\Roaming\Python\Python313\site-packages\httpx\_client.py:942: in _send_handling_auth
    response = self._send_handling_redirects(
..\..\..\AppData\Roaming\Python\Python313\site-packages\httpx\_client.py:979: in _send_handling_redirects
    response = self._send_single_request(request)
               ^^^^^^^^^^^^^^^^^^^^^^^^^^^^^^^^^^
..\..\..\AppData\Roaming\Python\Python313\site-packages\httpx\_client.py:1014: in _send_single_request
    response = transport.handle_request(request)
               ^^^^^^^^^^^^^^^^^^^^^^^^^^^^^^^^^
..\..\..\AppData\Roaming\Python\Python313\site-packages\starlette\testclient.py:354: in handle_request
    raise exc
..\..\..\AppData\Roaming\Python\Python313\site-packages\starlette\testclient.py:351: in handle_request
    portal.call(self.app, scope, receive, send)
..\..\..\AppData\Roaming\Python\Python313\site-packages\anyio\from_thread.py:291: in call
    return cast(T_Retval, self.start_task_soon(func, *args).result())
                          ^^^^^^^^^^^^^^^^^^^^^^^^^^^^^^^^^^^^^^^^^^
C:\Python313\Lib\concurrent\futures\_base.py:456: in result
    return self.__get_result()
           ^^^^^^^^^^^^^^^^^^^
C:\Python313\Lib\concurrent\futures\_base.py:401: in __get_result
    raise self._exception
..\..\..\AppData\Roaming\Python\Python313\site-packages\anyio\from_thread.py:222: in _call_func
    retval = await retval_or_awaitable
             ^^^^^^^^^^^^^^^^^^^^^^^^^
..\..\..\AppData\Roaming\Python\Python313\site-packages\fastapi\applications.py:1054: in __call__
    await super().__call__(scope, receive, send)
..\..\..\AppData\Roaming\Python\Python313\site-packages\starlette\applications.py:113: in __call__
    await self.middleware_stack(scope, receive, send)
..\..\..\AppData\Roaming\Python\Python313\site-packages\starlette\middleware\errors.py:186: in __call__
    raise exc
..\..\..\AppData\Roaming\Python\Python313\site-packages\starlette\middleware\errors.py:164: in __call__
    await self.app(scope, receive, _send)
..\..\..\AppData\Roaming\Python\Python313\site-packages\starlette\middleware\cors.py:85: in __call__
    await self.app(scope, receive, send)
..\..\..\AppData\Roaming\Python\Python313\site-packages\starlette\middleware\exceptions.py:63: in __call__
    await wrap_app_handling_exceptions(self.app, conn)(scope, receive, send)
..\..\..\AppData\Roaming\Python\Python313\site-packages\starlette\_exception_handler.py:53: in wrapped_app
    raise exc
..\..\..\AppData\Roaming\Python\Python313\site-packages\starlette\_exception_handler.py:42: in wrapped_app
    await app(scope, receive, sender)
..\..\..\AppData\Roaming\Python\Python313\site-packages\starlette\routing.py:716: in __call__
    await self.middleware_stack(scope, receive, send)
..\..\..\AppData\Roaming\Python\Python313\site-packages\starlette\routing.py:736: in app
    await route.handle(scope, receive, send)
..\..\..\AppData\Roaming\Python\Python313\site-packages\starlette\routing.py:290: in handle
    await self.app(scope, receive, send)
..\..\..\AppData\Roaming\Python\Python313\site-packages\starlette\routing.py:78: in app
    await wrap_app_handling_exceptions(app, request)(scope, receive, send)
..\..\..\AppData\Roaming\Python\Python313\site-packages\starlette\_exception_handler.py:53: in wrapped_app
    raise exc
..\..\..\AppData\Roaming\Python\Python313\site-packages\starlette\_exception_handler.py:42: in wrapped_app
    await app(scope, receive, sender)
..\..\..\AppData\Roaming\Python\Python313\site-packages\starlette\routing.py:75: in app
    response = await f(request)
               ^^^^^^^^^^^^^^^^
..\..\..\AppData\Roaming\Python\Python313\site-packages\fastapi\routing.py:292: in app
    solved_result = await solve_dependencies(
..\..\..\AppData\Roaming\Python\Python313\site-packages\fastapi\dependencies\utils.py:634: in solve_dependencies
    solved = await solve_generator(
..\..\..\AppData\Roaming\Python\Python313\site-packages\fastapi\dependencies\utils.py:560: in solve_generator
    return await stack.enter_async_context(cm)
           ^^^^^^^^^^^^^^^^^^^^^^^^^^^^^^^^^^^
C:\Python313\Lib\contextlib.py:668: in enter_async_context
    result = await _enter(cm)
             ^^^^^^^^^^^^^^^^
C:\Python313\Lib\contextlib.py:214: in __aenter__
    return await anext(self.gen)
           ^^^^^^^^^^^^^^^^^^^^^
..\..\..\AppData\Roaming\Python\Python313\site-packages\fastapi\concurrency.py:35: in contextmanager_in_threadpool
    raise e
..\..\..\AppData\Roaming\Python\Python313\site-packages\fastapi\concurrency.py:27: in contextmanager_in_threadpool
    yield await run_in_threadpool(cm.__enter__)
          ^^^^^^^^^^^^^^^^^^^^^^^^^^^^^^^^^^^^^
..\..\..\AppData\Roaming\Python\Python313\site-packages\starlette\concurrency.py:38: in run_in_threadpool
    return await anyio.to_thread.run_sync(func)
           ^^^^^^^^^^^^^^^^^^^^^^^^^^^^^^^^^^^^
..\..\..\AppData\Roaming\Python\Python313\site-packages\anyio\to_thread.py:56: in run_sync
    return await get_async_backend().run_sync_in_worker_thread(
..\..\..\AppData\Roaming\Python\Python313\site-packages\anyio\_backends\_asyncio.py:2476: in run_sync_in_worker_thread
    return await future
           ^^^^^^^^^^^^
..\..\..\AppData\Roaming\Python\Python313\site-packages\anyio\_backends\_asyncio.py:967: in run
    result = context.run(func, *args)
             ^^^^^^^^^^^^^^^^^^^^^^^^
C:\Python313\Lib\contextlib.py:141: in __enter__
    return next(self.gen)
           ^^^^^^^^^^^^^^
backend\api\routes.py:55: in get_db_client
    client.connect()
backend\storage\client.py:65: in connect
    raise InfluxDBClientError(f"Connection failed: {e}") from e
E   backend.storage.client.InfluxDBClientError: Connection failed: Failed to ping InfluxDB
_____________ TestEventIdValidation.test_invalid_uuid_returns_422 _____________
backend\storage\client.py:63: in connect
    raise InfluxDBClientError("Failed to ping InfluxDB")
E   backend.storage.client.InfluxDBClientError: Failed to ping InfluxDB

The above exception was the direct cause of the following exception:
tests\test_api.py:129: in test_invalid_uuid_returns_422
    response = client.post("/ingest", json=payload)
               ^^^^^^^^^^^^^^^^^^^^^^^^^^^^^^^^^^^^
..\..\..\AppData\Roaming\Python\Python313\site-packages\starlette\testclient.py:552: in post
    return super().post(
..\..\..\AppData\Roaming\Python\Python313\site-packages\httpx\_client.py:1144: in post
    return self.request(
..\..\..\AppData\Roaming\Python\Python313\site-packages\starlette\testclient.py:451: in request
    return super().request(
..\..\..\AppData\Roaming\Python\Python313\site-packages\httpx\_client.py:825: in request
    return self.send(request, auth=auth, follow_redirects=follow_redirects)
           ^^^^^^^^^^^^^^^^^^^^^^^^^^^^^^^^^^^^^^^^^^^^^^^^^^^^^^^^^^^^^^^^
..\..\..\AppData\Roaming\Python\Python313\site-packages\httpx\_client.py:914: in send
    response = self._send_handling_auth(
..\..\..\AppData\Roaming\Python\Python313\site-packages\httpx\_client.py:942: in _send_handling_auth
    response = self._send_handling_redirects(
..\..\..\AppData\Roaming\Python\Python313\site-packages\httpx\_client.py:979: in _send_handling_redirects
    response = self._send_single_request(request)
               ^^^^^^^^^^^^^^^^^^^^^^^^^^^^^^^^^^
..\..\..\AppData\Roaming\Python\Python313\site-packages\httpx\_client.py:1014: in _send_single_request
    response = transport.handle_request(request)
               ^^^^^^^^^^^^^^^^^^^^^^^^^^^^^^^^^
..\..\..\AppData\Roaming\Python\Python313\site-packages\starlette\testclient.py:354: in handle_request
    raise exc
..\..\..\AppData\Roaming\Python\Python313\site-packages\starlette\testclient.py:351: in handle_request
    portal.call(self.app, scope, receive, send)
..\..\..\AppData\Roaming\Python\Python313\site-packages\anyio\from_thread.py:291: in call
    return cast(T_Retval, self.start_task_soon(func, *args).result())
                          ^^^^^^^^^^^^^^^^^^^^^^^^^^^^^^^^^^^^^^^^^^
C:\Python313\Lib\concurrent\futures\_base.py:456: in result
    return self.__get_result()
           ^^^^^^^^^^^^^^^^^^^
C:\Python313\Lib\concurrent\futures\_base.py:401: in __get_result
    raise self._exception
..\..\..\AppData\Roaming\Python\Python313\site-packages\anyio\from_thread.py:222: in _call_func
    retval = await retval_or_awaitable
             ^^^^^^^^^^^^^^^^^^^^^^^^^
..\..\..\AppData\Roaming\Python\Python313\site-packages\fastapi\applications.py:1054: in __call__
    await super().__call__(scope, receive, send)
..\..\..\AppData\Roaming\Python\Python313\site-packages\starlette\applications.py:113: in __call__
    await self.middleware_stack(scope, receive, send)
..\..\..\AppData\Roaming\Python\Python313\site-packages\starlette\middleware\errors.py:186: in __call__
    raise exc
..\..\..\AppData\Roaming\Python\Python313\site-packages\starlette\middleware\errors.py:164: in __call__
    await self.app(scope, receive, _send)
..\..\..\AppData\Roaming\Python\Python313\site-packages\starlette\middleware\cors.py:85: in __call__
    await self.app(scope, receive, send)
..\..\..\AppData\Roaming\Python\Python313\site-packages\starlette\middleware\exceptions.py:63: in __call__
    await wrap_app_handling_exceptions(self.app, conn)(scope, receive, send)
..\..\..\AppData\Roaming\Python\Python313\site-packages\starlette\_exception_handler.py:53: in wrapped_app
    raise exc
..\..\..\AppData\Roaming\Python\Python313\site-packages\starlette\_exception_handler.py:42: in wrapped_app
    await app(scope, receive, sender)
..\..\..\AppData\Roaming\Python\Python313\site-packages\starlette\routing.py:716: in __call__
    await self.middleware_stack(scope, receive, send)
..\..\..\AppData\Roaming\Python\Python313\site-packages\starlette\routing.py:736: in app
    await route.handle(scope, receive, send)
..\..\..\AppData\Roaming\Python\Python313\site-packages\starlette\routing.py:290: in handle
    await self.app(scope, receive, send)
..\..\..\AppData\Roaming\Python\Python313\site-packages\starlette\routing.py:78: in app
    await wrap_app_handling_exceptions(app, request)(scope, receive, send)
..\..\..\AppData\Roaming\Python\Python313\site-packages\starlette\_exception_handler.py:53: in wrapped_app
    raise exc
..\..\..\AppData\Roaming\Python\Python313\site-packages\starlette\_exception_handler.py:42: in wrapped_app
    await app(scope, receive, sender)
..\..\..\AppData\Roaming\Python\Python313\site-packages\starlette\routing.py:75: in app
    response = await f(request)
               ^^^^^^^^^^^^^^^^
..\..\..\AppData\Roaming\Python\Python313\site-packages\fastapi\routing.py:292: in app
    solved_result = await solve_dependencies(
..\..\..\AppData\Roaming\Python\Python313\site-packages\fastapi\dependencies\utils.py:634: in solve_dependencies
    solved = await solve_generator(
..\..\..\AppData\Roaming\Python\Python313\site-packages\fastapi\dependencies\utils.py:560: in solve_generator
    return await stack.enter_async_context(cm)
           ^^^^^^^^^^^^^^^^^^^^^^^^^^^^^^^^^^^
C:\Python313\Lib\contextlib.py:668: in enter_async_context
    result = await _enter(cm)
             ^^^^^^^^^^^^^^^^
C:\Python313\Lib\contextlib.py:214: in __aenter__
    return await anext(self.gen)
           ^^^^^^^^^^^^^^^^^^^^^
..\..\..\AppData\Roaming\Python\Python313\site-packages\fastapi\concurrency.py:35: in contextmanager_in_threadpool
    raise e
..\..\..\AppData\Roaming\Python\Python313\site-packages\fastapi\concurrency.py:27: in contextmanager_in_threadpool
    yield await run_in_threadpool(cm.__enter__)
          ^^^^^^^^^^^^^^^^^^^^^^^^^^^^^^^^^^^^^
..\..\..\AppData\Roaming\Python\Python313\site-packages\starlette\concurrency.py:38: in run_in_threadpool
    return await anyio.to_thread.run_sync(func)
           ^^^^^^^^^^^^^^^^^^^^^^^^^^^^^^^^^^^^
..\..\..\AppData\Roaming\Python\Python313\site-packages\anyio\to_thread.py:56: in run_sync
    return await get_async_backend().run_sync_in_worker_thread(
..\..\..\AppData\Roaming\Python\Python313\site-packages\anyio\_backends\_asyncio.py:2476: in run_sync_in_worker_thread
    return await future
           ^^^^^^^^^^^^
..\..\..\AppData\Roaming\Python\Python313\site-packages\anyio\_backends\_asyncio.py:967: in run
    result = context.run(func, *args)
             ^^^^^^^^^^^^^^^^^^^^^^^^
C:\Python313\Lib\contextlib.py:141: in __enter__
    return next(self.gen)
           ^^^^^^^^^^^^^^
backend\api\routes.py:55: in get_db_client
    client.connect()
backend\storage\client.py:65: in connect
    raise InfluxDBClientError(f"Connection failed: {e}") from e
E   backend.storage.client.InfluxDBClientError: Connection failed: Failed to ping InfluxDB
_______________ TestEventIdValidation.test_uuid_v1_returns_422 ________________
backend\storage\client.py:63: in connect
    raise InfluxDBClientError("Failed to ping InfluxDB")
E   backend.storage.client.InfluxDBClientError: Failed to ping InfluxDB

The above exception was the direct cause of the following exception:
tests\test_api.py:139: in test_uuid_v1_returns_422
    response = client.post("/ingest", json=payload)
               ^^^^^^^^^^^^^^^^^^^^^^^^^^^^^^^^^^^^
..\..\..\AppData\Roaming\Python\Python313\site-packages\starlette\testclient.py:552: in post
    return super().post(
..\..\..\AppData\Roaming\Python\Python313\site-packages\httpx\_client.py:1144: in post
    return self.request(
..\..\..\AppData\Roaming\Python\Python313\site-packages\starlette\testclient.py:451: in request
    return super().request(
..\..\..\AppData\Roaming\Python\Python313\site-packages\httpx\_client.py:825: in request
    return self.send(request, auth=auth, follow_redirects=follow_redirects)
           ^^^^^^^^^^^^^^^^^^^^^^^^^^^^^^^^^^^^^^^^^^^^^^^^^^^^^^^^^^^^^^^^
..\..\..\AppData\Roaming\Python\Python313\site-packages\httpx\_client.py:914: in send
    response = self._send_handling_auth(
..\..\..\AppData\Roaming\Python\Python313\site-packages\httpx\_client.py:942: in _send_handling_auth
    response = self._send_handling_redirects(
..\..\..\AppData\Roaming\Python\Python313\site-packages\httpx\_client.py:979: in _send_handling_redirects
    response = self._send_single_request(request)
               ^^^^^^^^^^^^^^^^^^^^^^^^^^^^^^^^^^
..\..\..\AppData\Roaming\Python\Python313\site-packages\httpx\_client.py:1014: in _send_single_request
    response = transport.handle_request(request)
               ^^^^^^^^^^^^^^^^^^^^^^^^^^^^^^^^^
..\..\..\AppData\Roaming\Python\Python313\site-packages\starlette\testclient.py:354: in handle_request
    raise exc
..\..\..\AppData\Roaming\Python\Python313\site-packages\starlette\testclient.py:351: in handle_request
    portal.call(self.app, scope, receive, send)
..\..\..\AppData\Roaming\Python\Python313\site-packages\anyio\from_thread.py:291: in call
    return cast(T_Retval, self.start_task_soon(func, *args).result())
                          ^^^^^^^^^^^^^^^^^^^^^^^^^^^^^^^^^^^^^^^^^^
C:\Python313\Lib\concurrent\futures\_base.py:456: in result
    return self.__get_result()
           ^^^^^^^^^^^^^^^^^^^
C:\Python313\Lib\concurrent\futures\_base.py:401: in __get_result
    raise self._exception
..\..\..\AppData\Roaming\Python\Python313\site-packages\anyio\from_thread.py:222: in _call_func
    retval = await retval_or_awaitable
             ^^^^^^^^^^^^^^^^^^^^^^^^^
..\..\..\AppData\Roaming\Python\Python313\site-packages\fastapi\applications.py:1054: in __call__
    await super().__call__(scope, receive, send)
..\..\..\AppData\Roaming\Python\Python313\site-packages\starlette\applications.py:113: in __call__
    await self.middleware_stack(scope, receive, send)
..\..\..\AppData\Roaming\Python\Python313\site-packages\starlette\middleware\errors.py:186: in __call__
    raise exc
..\..\..\AppData\Roaming\Python\Python313\site-packages\starlette\middleware\errors.py:164: in __call__
    await self.app(scope, receive, _send)
..\..\..\AppData\Roaming\Python\Python313\site-packages\starlette\middleware\cors.py:85: in __call__
    await self.app(scope, receive, send)
..\..\..\AppData\Roaming\Python\Python313\site-packages\starlette\middleware\exceptions.py:63: in __call__
    await wrap_app_handling_exceptions(self.app, conn)(scope, receive, send)
..\..\..\AppData\Roaming\Python\Python313\site-packages\starlette\_exception_handler.py:53: in wrapped_app
    raise exc
..\..\..\AppData\Roaming\Python\Python313\site-packages\starlette\_exception_handler.py:42: in wrapped_app
    await app(scope, receive, sender)
..\..\..\AppData\Roaming\Python\Python313\site-packages\starlette\routing.py:716: in __call__
    await self.middleware_stack(scope, receive, send)
..\..\..\AppData\Roaming\Python\Python313\site-packages\starlette\routing.py:736: in app
    await route.handle(scope, receive, send)
..\..\..\AppData\Roaming\Python\Python313\site-packages\starlette\routing.py:290: in handle
    await self.app(scope, receive, send)
..\..\..\AppData\Roaming\Python\Python313\site-packages\starlette\routing.py:78: in app
    await wrap_app_handling_exceptions(app, request)(scope, receive, send)
..\..\..\AppData\Roaming\Python\Python313\site-packages\starlette\_exception_handler.py:53: in wrapped_app
    raise exc
..\..\..\AppData\Roaming\Python\Python313\site-packages\starlette\_exception_handler.py:42: in wrapped_app
    await app(scope, receive, sender)
..\..\..\AppData\Roaming\Python\Python313\site-packages\starlette\routing.py:75: in app
    response = await f(request)
               ^^^^^^^^^^^^^^^^
..\..\..\AppData\Roaming\Python\Python313\site-packages\fastapi\routing.py:292: in app
    solved_result = await solve_dependencies(
..\..\..\AppData\Roaming\Python\Python313\site-packages\fastapi\dependencies\utils.py:634: in solve_dependencies
    solved = await solve_generator(
..\..\..\AppData\Roaming\Python\Python313\site-packages\fastapi\dependencies\utils.py:560: in solve_generator
    return await stack.enter_async_context(cm)
           ^^^^^^^^^^^^^^^^^^^^^^^^^^^^^^^^^^^
C:\Python313\Lib\contextlib.py:668: in enter_async_context
    result = await _enter(cm)
             ^^^^^^^^^^^^^^^^
C:\Python313\Lib\contextlib.py:214: in __aenter__
    return await anext(self.gen)
           ^^^^^^^^^^^^^^^^^^^^^
..\..\..\AppData\Roaming\Python\Python313\site-packages\fastapi\concurrency.py:35: in contextmanager_in_threadpool
    raise e
..\..\..\AppData\Roaming\Python\Python313\site-packages\fastapi\concurrency.py:27: in contextmanager_in_threadpool
    yield await run_in_threadpool(cm.__enter__)
          ^^^^^^^^^^^^^^^^^^^^^^^^^^^^^^^^^^^^^
..\..\..\AppData\Roaming\Python\Python313\site-packages\starlette\concurrency.py:38: in run_in_threadpool
    return await anyio.to_thread.run_sync(func)
           ^^^^^^^^^^^^^^^^^^^^^^^^^^^^^^^^^^^^
..\..\..\AppData\Roaming\Python\Python313\site-packages\anyio\to_thread.py:56: in run_sync
    return await get_async_backend().run_sync_in_worker_thread(
..\..\..\AppData\Roaming\Python\Python313\site-packages\anyio\_backends\_asyncio.py:2476: in run_sync_in_worker_thread
    return await future
           ^^^^^^^^^^^^
..\..\..\AppData\Roaming\Python\Python313\site-packages\anyio\_backends\_asyncio.py:967: in run
    result = context.run(func, *args)
             ^^^^^^^^^^^^^^^^^^^^^^^^
C:\Python313\Lib\contextlib.py:141: in __enter__
    return next(self.gen)
           ^^^^^^^^^^^^^^
backend\api\routes.py:55: in get_db_client
    client.connect()
backend\storage\client.py:65: in connect
    raise InfluxDBClientError(f"Connection failed: {e}") from e
E   backend.storage.client.InfluxDBClientError: Connection failed: Failed to ping InfluxDB
____________ TestEventIdValidation.test_empty_event_id_returns_422 ____________
backend\storage\client.py:63: in connect
    raise InfluxDBClientError("Failed to ping InfluxDB")
E   backend.storage.client.InfluxDBClientError: Failed to ping InfluxDB

The above exception was the direct cause of the following exception:
tests\test_api.py:149: in test_empty_event_id_returns_422
    response = client.post("/ingest", json=payload)
               ^^^^^^^^^^^^^^^^^^^^^^^^^^^^^^^^^^^^
..\..\..\AppData\Roaming\Python\Python313\site-packages\starlette\testclient.py:552: in post
    return super().post(
..\..\..\AppData\Roaming\Python\Python313\site-packages\httpx\_client.py:1144: in post
    return self.request(
..\..\..\AppData\Roaming\Python\Python313\site-packages\starlette\testclient.py:451: in request
    return super().request(
..\..\..\AppData\Roaming\Python\Python313\site-packages\httpx\_client.py:825: in request
    return self.send(request, auth=auth, follow_redirects=follow_redirects)
           ^^^^^^^^^^^^^^^^^^^^^^^^^^^^^^^^^^^^^^^^^^^^^^^^^^^^^^^^^^^^^^^^
..\..\..\AppData\Roaming\Python\Python313\site-packages\httpx\_client.py:914: in send
    response = self._send_handling_auth(
..\..\..\AppData\Roaming\Python\Python313\site-packages\httpx\_client.py:942: in _send_handling_auth
    response = self._send_handling_redirects(
..\..\..\AppData\Roaming\Python\Python313\site-packages\httpx\_client.py:979: in _send_handling_redirects
    response = self._send_single_request(request)
               ^^^^^^^^^^^^^^^^^^^^^^^^^^^^^^^^^^
..\..\..\AppData\Roaming\Python\Python313\site-packages\httpx\_client.py:1014: in _send_single_request
    response = transport.handle_request(request)
               ^^^^^^^^^^^^^^^^^^^^^^^^^^^^^^^^^
..\..\..\AppData\Roaming\Python\Python313\site-packages\starlette\testclient.py:354: in handle_request
    raise exc
..\..\..\AppData\Roaming\Python\Python313\site-packages\starlette\testclient.py:351: in handle_request
    portal.call(self.app, scope, receive, send)
..\..\..\AppData\Roaming\Python\Python313\site-packages\anyio\from_thread.py:291: in call
    return cast(T_Retval, self.start_task_soon(func, *args).result())
                          ^^^^^^^^^^^^^^^^^^^^^^^^^^^^^^^^^^^^^^^^^^
C:\Python313\Lib\concurrent\futures\_base.py:456: in result
    return self.__get_result()
           ^^^^^^^^^^^^^^^^^^^
C:\Python313\Lib\concurrent\futures\_base.py:401: in __get_result
    raise self._exception
..\..\..\AppData\Roaming\Python\Python313\site-packages\anyio\from_thread.py:222: in _call_func
    retval = await retval_or_awaitable
             ^^^^^^^^^^^^^^^^^^^^^^^^^
..\..\..\AppData\Roaming\Python\Python313\site-packages\fastapi\applications.py:1054: in __call__
    await super().__call__(scope, receive, send)
..\..\..\AppData\Roaming\Python\Python313\site-packages\starlette\applications.py:113: in __call__
    await self.middleware_stack(scope, receive, send)
..\..\..\AppData\Roaming\Python\Python313\site-packages\starlette\middleware\errors.py:186: in __call__
    raise exc
..\..\..\AppData\Roaming\Python\Python313\site-packages\starlette\middleware\errors.py:164: in __call__
    await self.app(scope, receive, _send)
..\..\..\AppData\Roaming\Python\Python313\site-packages\starlette\middleware\cors.py:85: in __call__
    await self.app(scope, receive, send)
..\..\..\AppData\Roaming\Python\Python313\site-packages\starlette\middleware\exceptions.py:63: in __call__
    await wrap_app_handling_exceptions(self.app, conn)(scope, receive, send)
..\..\..\AppData\Roaming\Python\Python313\site-packages\starlette\_exception_handler.py:53: in wrapped_app
    raise exc
..\..\..\AppData\Roaming\Python\Python313\site-packages\starlette\_exception_handler.py:42: in wrapped_app
    await app(scope, receive, sender)
..\..\..\AppData\Roaming\Python\Python313\site-packages\starlette\routing.py:716: in __call__
    await self.middleware_stack(scope, receive, send)
..\..\..\AppData\Roaming\Python\Python313\site-packages\starlette\routing.py:736: in app
    await route.handle(scope, receive, send)
..\..\..\AppData\Roaming\Python\Python313\site-packages\starlette\routing.py:290: in handle
    await self.app(scope, receive, send)
..\..\..\AppData\Roaming\Python\Python313\site-packages\starlette\routing.py:78: in app
    await wrap_app_handling_exceptions(app, request)(scope, receive, send)
..\..\..\AppData\Roaming\Python\Python313\site-packages\starlette\_exception_handler.py:53: in wrapped_app
    raise exc
..\..\..\AppData\Roaming\Python\Python313\site-packages\starlette\_exception_handler.py:42: in wrapped_app
    await app(scope, receive, sender)
..\..\..\AppData\Roaming\Python\Python313\site-packages\starlette\routing.py:75: in app
    response = await f(request)
               ^^^^^^^^^^^^^^^^
..\..\..\AppData\Roaming\Python\Python313\site-packages\fastapi\routing.py:292: in app
    solved_result = await solve_dependencies(
..\..\..\AppData\Roaming\Python\Python313\site-packages\fastapi\dependencies\utils.py:634: in solve_dependencies
    solved = await solve_generator(
..\..\..\AppData\Roaming\Python\Python313\site-packages\fastapi\dependencies\utils.py:560: in solve_generator
    return await stack.enter_async_context(cm)
           ^^^^^^^^^^^^^^^^^^^^^^^^^^^^^^^^^^^
C:\Python313\Lib\contextlib.py:668: in enter_async_context
    result = await _enter(cm)
             ^^^^^^^^^^^^^^^^
C:\Python313\Lib\contextlib.py:214: in __aenter__
    return await anext(self.gen)
           ^^^^^^^^^^^^^^^^^^^^^
..\..\..\AppData\Roaming\Python\Python313\site-packages\fastapi\concurrency.py:35: in contextmanager_in_threadpool
    raise e
..\..\..\AppData\Roaming\Python\Python313\site-packages\fastapi\concurrency.py:27: in contextmanager_in_threadpool
    yield await run_in_threadpool(cm.__enter__)
          ^^^^^^^^^^^^^^^^^^^^^^^^^^^^^^^^^^^^^
..\..\..\AppData\Roaming\Python\Python313\site-packages\starlette\concurrency.py:38: in run_in_threadpool
    return await anyio.to_thread.run_sync(func)
           ^^^^^^^^^^^^^^^^^^^^^^^^^^^^^^^^^^^^
..\..\..\AppData\Roaming\Python\Python313\site-packages\anyio\to_thread.py:56: in run_sync
    return await get_async_backend().run_sync_in_worker_thread(
..\..\..\AppData\Roaming\Python\Python313\site-packages\anyio\_backends\_asyncio.py:2476: in run_sync_in_worker_thread
    return await future
           ^^^^^^^^^^^^
..\..\..\AppData\Roaming\Python\Python313\site-packages\anyio\_backends\_asyncio.py:967: in run
    result = context.run(func, *args)
             ^^^^^^^^^^^^^^^^^^^^^^^^
C:\Python313\Lib\contextlib.py:141: in __enter__
    return next(self.gen)
           ^^^^^^^^^^^^^^
backend\api\routes.py:55: in get_db_client
    client.connect()
backend\storage\client.py:65: in connect
    raise InfluxDBClientError(f"Connection failed: {e}") from e
E   backend.storage.client.InfluxDBClientError: Connection failed: Failed to ping InfluxDB
___________ TestTimestampValidation.test_naive_datetime_returns_422 ___________
backend\storage\client.py:63: in connect
    raise InfluxDBClientError("Failed to ping InfluxDB")
E   backend.storage.client.InfluxDBClientError: Failed to ping InfluxDB

The above exception was the direct cause of the following exception:
tests\test_api.py:162: in test_naive_datetime_returns_422
    response = client.post("/ingest", json=payload)
               ^^^^^^^^^^^^^^^^^^^^^^^^^^^^^^^^^^^^
..\..\..\AppData\Roaming\Python\Python313\site-packages\starlette\testclient.py:552: in post
    return super().post(
..\..\..\AppData\Roaming\Python\Python313\site-packages\httpx\_client.py:1144: in post
    return self.request(
..\..\..\AppData\Roaming\Python\Python313\site-packages\starlette\testclient.py:451: in request
    return super().request(
..\..\..\AppData\Roaming\Python\Python313\site-packages\httpx\_client.py:825: in request
    return self.send(request, auth=auth, follow_redirects=follow_redirects)
           ^^^^^^^^^^^^^^^^^^^^^^^^^^^^^^^^^^^^^^^^^^^^^^^^^^^^^^^^^^^^^^^^
..\..\..\AppData\Roaming\Python\Python313\site-packages\httpx\_client.py:914: in send
    response = self._send_handling_auth(
..\..\..\AppData\Roaming\Python\Python313\site-packages\httpx\_client.py:942: in _send_handling_auth
    response = self._send_handling_redirects(
..\..\..\AppData\Roaming\Python\Python313\site-packages\httpx\_client.py:979: in _send_handling_redirects
    response = self._send_single_request(request)
               ^^^^^^^^^^^^^^^^^^^^^^^^^^^^^^^^^^
..\..\..\AppData\Roaming\Python\Python313\site-packages\httpx\_client.py:1014: in _send_single_request
    response = transport.handle_request(request)
               ^^^^^^^^^^^^^^^^^^^^^^^^^^^^^^^^^
..\..\..\AppData\Roaming\Python\Python313\site-packages\starlette\testclient.py:354: in handle_request
    raise exc
..\..\..\AppData\Roaming\Python\Python313\site-packages\starlette\testclient.py:351: in handle_request
    portal.call(self.app, scope, receive, send)
..\..\..\AppData\Roaming\Python\Python313\site-packages\anyio\from_thread.py:291: in call
    return cast(T_Retval, self.start_task_soon(func, *args).result())
                          ^^^^^^^^^^^^^^^^^^^^^^^^^^^^^^^^^^^^^^^^^^
C:\Python313\Lib\concurrent\futures\_base.py:456: in result
    return self.__get_result()
           ^^^^^^^^^^^^^^^^^^^
C:\Python313\Lib\concurrent\futures\_base.py:401: in __get_result
    raise self._exception
..\..\..\AppData\Roaming\Python\Python313\site-packages\anyio\from_thread.py:222: in _call_func
    retval = await retval_or_awaitable
             ^^^^^^^^^^^^^^^^^^^^^^^^^
..\..\..\AppData\Roaming\Python\Python313\site-packages\fastapi\applications.py:1054: in __call__
    await super().__call__(scope, receive, send)
..\..\..\AppData\Roaming\Python\Python313\site-packages\starlette\applications.py:113: in __call__
    await self.middleware_stack(scope, receive, send)
..\..\..\AppData\Roaming\Python\Python313\site-packages\starlette\middleware\errors.py:186: in __call__
    raise exc
..\..\..\AppData\Roaming\Python\Python313\site-packages\starlette\middleware\errors.py:164: in __call__
    await self.app(scope, receive, _send)
..\..\..\AppData\Roaming\Python\Python313\site-packages\starlette\middleware\cors.py:85: in __call__
    await self.app(scope, receive, send)
..\..\..\AppData\Roaming\Python\Python313\site-packages\starlette\middleware\exceptions.py:63: in __call__
    await wrap_app_handling_exceptions(self.app, conn)(scope, receive, send)
..\..\..\AppData\Roaming\Python\Python313\site-packages\starlette\_exception_handler.py:53: in wrapped_app
    raise exc
..\..\..\AppData\Roaming\Python\Python313\site-packages\starlette\_exception_handler.py:42: in wrapped_app
    await app(scope, receive, sender)
..\..\..\AppData\Roaming\Python\Python313\site-packages\starlette\routing.py:716: in __call__
    await self.middleware_stack(scope, receive, send)
..\..\..\AppData\Roaming\Python\Python313\site-packages\starlette\routing.py:736: in app
    await route.handle(scope, receive, send)
..\..\..\AppData\Roaming\Python\Python313\site-packages\starlette\routing.py:290: in handle
    await self.app(scope, receive, send)
..\..\..\AppData\Roaming\Python\Python313\site-packages\starlette\routing.py:78: in app
    await wrap_app_handling_exceptions(app, request)(scope, receive, send)
..\..\..\AppData\Roaming\Python\Python313\site-packages\starlette\_exception_handler.py:53: in wrapped_app
    raise exc
..\..\..\AppData\Roaming\Python\Python313\site-packages\starlette\_exception_handler.py:42: in wrapped_app
    await app(scope, receive, sender)
..\..\..\AppData\Roaming\Python\Python313\site-packages\starlette\routing.py:75: in app
    response = await f(request)
               ^^^^^^^^^^^^^^^^
..\..\..\AppData\Roaming\Python\Python313\site-packages\fastapi\routing.py:292: in app
    solved_result = await solve_dependencies(
..\..\..\AppData\Roaming\Python\Python313\site-packages\fastapi\dependencies\utils.py:634: in solve_dependencies
    solved = await solve_generator(
..\..\..\AppData\Roaming\Python\Python313\site-packages\fastapi\dependencies\utils.py:560: in solve_generator
    return await stack.enter_async_context(cm)
           ^^^^^^^^^^^^^^^^^^^^^^^^^^^^^^^^^^^
C:\Python313\Lib\contextlib.py:668: in enter_async_context
    result = await _enter(cm)
             ^^^^^^^^^^^^^^^^
C:\Python313\Lib\contextlib.py:214: in __aenter__
    return await anext(self.gen)
           ^^^^^^^^^^^^^^^^^^^^^
..\..\..\AppData\Roaming\Python\Python313\site-packages\fastapi\concurrency.py:35: in contextmanager_in_threadpool
    raise e
..\..\..\AppData\Roaming\Python\Python313\site-packages\fastapi\concurrency.py:27: in contextmanager_in_threadpool
    yield await run_in_threadpool(cm.__enter__)
          ^^^^^^^^^^^^^^^^^^^^^^^^^^^^^^^^^^^^^
..\..\..\AppData\Roaming\Python\Python313\site-packages\starlette\concurrency.py:38: in run_in_threadpool
    return await anyio.to_thread.run_sync(func)
           ^^^^^^^^^^^^^^^^^^^^^^^^^^^^^^^^^^^^
..\..\..\AppData\Roaming\Python\Python313\site-packages\anyio\to_thread.py:56: in run_sync
    return await get_async_backend().run_sync_in_worker_thread(
..\..\..\AppData\Roaming\Python\Python313\site-packages\anyio\_backends\_asyncio.py:2476: in run_sync_in_worker_thread
    return await future
           ^^^^^^^^^^^^
..\..\..\AppData\Roaming\Python\Python313\site-packages\anyio\_backends\_asyncio.py:967: in run
    result = context.run(func, *args)
             ^^^^^^^^^^^^^^^^^^^^^^^^
C:\Python313\Lib\contextlib.py:141: in __enter__
    return next(self.gen)
           ^^^^^^^^^^^^^^
backend\api\routes.py:55: in get_db_client
    client.connect()
backend\storage\client.py:65: in connect
    raise InfluxDBClientError(f"Connection failed: {e}") from e
E   backend.storage.client.InfluxDBClientError: Connection failed: Failed to ping InfluxDB
____ TestOperatingStateValidation.test_invalid_operating_state_returns_422 ____
backend\storage\client.py:63: in connect
    raise InfluxDBClientError("Failed to ping InfluxDB")
E   backend.storage.client.InfluxDBClientError: Failed to ping InfluxDB

The above exception was the direct cause of the following exception:
tests\test_api.py:185: in test_invalid_operating_state_returns_422
    response = client.post("/ingest", json=payload)
               ^^^^^^^^^^^^^^^^^^^^^^^^^^^^^^^^^^^^
..\..\..\AppData\Roaming\Python\Python313\site-packages\starlette\testclient.py:552: in post
    return super().post(
..\..\..\AppData\Roaming\Python\Python313\site-packages\httpx\_client.py:1144: in post
    return self.request(
..\..\..\AppData\Roaming\Python\Python313\site-packages\starlette\testclient.py:451: in request
    return super().request(
..\..\..\AppData\Roaming\Python\Python313\site-packages\httpx\_client.py:825: in request
    return self.send(request, auth=auth, follow_redirects=follow_redirects)
           ^^^^^^^^^^^^^^^^^^^^^^^^^^^^^^^^^^^^^^^^^^^^^^^^^^^^^^^^^^^^^^^^
..\..\..\AppData\Roaming\Python\Python313\site-packages\httpx\_client.py:914: in send
    response = self._send_handling_auth(
..\..\..\AppData\Roaming\Python\Python313\site-packages\httpx\_client.py:942: in _send_handling_auth
    response = self._send_handling_redirects(
..\..\..\AppData\Roaming\Python\Python313\site-packages\httpx\_client.py:979: in _send_handling_redirects
    response = self._send_single_request(request)
               ^^^^^^^^^^^^^^^^^^^^^^^^^^^^^^^^^^
..\..\..\AppData\Roaming\Python\Python313\site-packages\httpx\_client.py:1014: in _send_single_request
    response = transport.handle_request(request)
               ^^^^^^^^^^^^^^^^^^^^^^^^^^^^^^^^^
..\..\..\AppData\Roaming\Python\Python313\site-packages\starlette\testclient.py:354: in handle_request
    raise exc
..\..\..\AppData\Roaming\Python\Python313\site-packages\starlette\testclient.py:351: in handle_request
    portal.call(self.app, scope, receive, send)
..\..\..\AppData\Roaming\Python\Python313\site-packages\anyio\from_thread.py:291: in call
    return cast(T_Retval, self.start_task_soon(func, *args).result())
                          ^^^^^^^^^^^^^^^^^^^^^^^^^^^^^^^^^^^^^^^^^^
C:\Python313\Lib\concurrent\futures\_base.py:456: in result
    return self.__get_result()
           ^^^^^^^^^^^^^^^^^^^
C:\Python313\Lib\concurrent\futures\_base.py:401: in __get_result
    raise self._exception
..\..\..\AppData\Roaming\Python\Python313\site-packages\anyio\from_thread.py:222: in _call_func
    retval = await retval_or_awaitable
             ^^^^^^^^^^^^^^^^^^^^^^^^^
..\..\..\AppData\Roaming\Python\Python313\site-packages\fastapi\applications.py:1054: in __call__
    await super().__call__(scope, receive, send)
..\..\..\AppData\Roaming\Python\Python313\site-packages\starlette\applications.py:113: in __call__
    await self.middleware_stack(scope, receive, send)
..\..\..\AppData\Roaming\Python\Python313\site-packages\starlette\middleware\errors.py:186: in __call__
    raise exc
..\..\..\AppData\Roaming\Python\Python313\site-packages\starlette\middleware\errors.py:164: in __call__
    await self.app(scope, receive, _send)
..\..\..\AppData\Roaming\Python\Python313\site-packages\starlette\middleware\cors.py:85: in __call__
    await self.app(scope, receive, send)
..\..\..\AppData\Roaming\Python\Python313\site-packages\starlette\middleware\exceptions.py:63: in __call__
    await wrap_app_handling_exceptions(self.app, conn)(scope, receive, send)
..\..\..\AppData\Roaming\Python\Python313\site-packages\starlette\_exception_handler.py:53: in wrapped_app
    raise exc
..\..\..\AppData\Roaming\Python\Python313\site-packages\starlette\_exception_handler.py:42: in wrapped_app
    await app(scope, receive, sender)
..\..\..\AppData\Roaming\Python\Python313\site-packages\starlette\routing.py:716: in __call__
    await self.middleware_stack(scope, receive, send)
..\..\..\AppData\Roaming\Python\Python313\site-packages\starlette\routing.py:736: in app
    await route.handle(scope, receive, send)
..\..\..\AppData\Roaming\Python\Python313\site-packages\starlette\routing.py:290: in handle
    await self.app(scope, receive, send)
..\..\..\AppData\Roaming\Python\Python313\site-packages\starlette\routing.py:78: in app
    await wrap_app_handling_exceptions(app, request)(scope, receive, send)
..\..\..\AppData\Roaming\Python\Python313\site-packages\starlette\_exception_handler.py:53: in wrapped_app
    raise exc
..\..\..\AppData\Roaming\Python\Python313\site-packages\starlette\_exception_handler.py:42: in wrapped_app
    await app(scope, receive, sender)
..\..\..\AppData\Roaming\Python\Python313\site-packages\starlette\routing.py:75: in app
    response = await f(request)
               ^^^^^^^^^^^^^^^^
..\..\..\AppData\Roaming\Python\Python313\site-packages\fastapi\routing.py:292: in app
    solved_result = await solve_dependencies(
..\..\..\AppData\Roaming\Python\Python313\site-packages\fastapi\dependencies\utils.py:634: in solve_dependencies
    solved = await solve_generator(
..\..\..\AppData\Roaming\Python\Python313\site-packages\fastapi\dependencies\utils.py:560: in solve_generator
    return await stack.enter_async_context(cm)
           ^^^^^^^^^^^^^^^^^^^^^^^^^^^^^^^^^^^
C:\Python313\Lib\contextlib.py:668: in enter_async_context
    result = await _enter(cm)
             ^^^^^^^^^^^^^^^^
C:\Python313\Lib\contextlib.py:214: in __aenter__
    return await anext(self.gen)
           ^^^^^^^^^^^^^^^^^^^^^
..\..\..\AppData\Roaming\Python\Python313\site-packages\fastapi\concurrency.py:35: in contextmanager_in_threadpool
    raise e
..\..\..\AppData\Roaming\Python\Python313\site-packages\fastapi\concurrency.py:27: in contextmanager_in_threadpool
    yield await run_in_threadpool(cm.__enter__)
          ^^^^^^^^^^^^^^^^^^^^^^^^^^^^^^^^^^^^^
..\..\..\AppData\Roaming\Python\Python313\site-packages\starlette\concurrency.py:38: in run_in_threadpool
    return await anyio.to_thread.run_sync(func)
           ^^^^^^^^^^^^^^^^^^^^^^^^^^^^^^^^^^^^
..\..\..\AppData\Roaming\Python\Python313\site-packages\anyio\to_thread.py:56: in run_sync
    return await get_async_backend().run_sync_in_worker_thread(
..\..\..\AppData\Roaming\Python\Python313\site-packages\anyio\_backends\_asyncio.py:2476: in run_sync_in_worker_thread
    return await future
           ^^^^^^^^^^^^
..\..\..\AppData\Roaming\Python\Python313\site-packages\anyio\_backends\_asyncio.py:967: in run
    result = context.run(func, *args)
             ^^^^^^^^^^^^^^^^^^^^^^^^
C:\Python313\Lib\contextlib.py:141: in __enter__
    return next(self.gen)
           ^^^^^^^^^^^^^^
backend\api\routes.py:55: in get_db_client
    client.connect()
backend\storage\client.py:65: in connect
    raise InfluxDBClientError(f"Connection failed: {e}") from e
E   backend.storage.client.InfluxDBClientError: Connection failed: Failed to ping InfluxDB
_______ TestPowerFactorValidation.test_power_factor_above_1_returns_422 _______
backend\storage\client.py:63: in connect
    raise InfluxDBClientError("Failed to ping InfluxDB")
E   backend.storage.client.InfluxDBClientError: Failed to ping InfluxDB

The above exception was the direct cause of the following exception:
tests\test_api.py:212: in test_power_factor_above_1_returns_422
    response = client.post("/ingest", json=payload)
               ^^^^^^^^^^^^^^^^^^^^^^^^^^^^^^^^^^^^
..\..\..\AppData\Roaming\Python\Python313\site-packages\starlette\testclient.py:552: in post
    return super().post(
..\..\..\AppData\Roaming\Python\Python313\site-packages\httpx\_client.py:1144: in post
    return self.request(
..\..\..\AppData\Roaming\Python\Python313\site-packages\starlette\testclient.py:451: in request
    return super().request(
..\..\..\AppData\Roaming\Python\Python313\site-packages\httpx\_client.py:825: in request
    return self.send(request, auth=auth, follow_redirects=follow_redirects)
           ^^^^^^^^^^^^^^^^^^^^^^^^^^^^^^^^^^^^^^^^^^^^^^^^^^^^^^^^^^^^^^^^
..\..\..\AppData\Roaming\Python\Python313\site-packages\httpx\_client.py:914: in send
    response = self._send_handling_auth(
..\..\..\AppData\Roaming\Python\Python313\site-packages\httpx\_client.py:942: in _send_handling_auth
    response = self._send_handling_redirects(
..\..\..\AppData\Roaming\Python\Python313\site-packages\httpx\_client.py:979: in _send_handling_redirects
    response = self._send_single_request(request)
               ^^^^^^^^^^^^^^^^^^^^^^^^^^^^^^^^^^
..\..\..\AppData\Roaming\Python\Python313\site-packages\httpx\_client.py:1014: in _send_single_request
    response = transport.handle_request(request)
               ^^^^^^^^^^^^^^^^^^^^^^^^^^^^^^^^^
..\..\..\AppData\Roaming\Python\Python313\site-packages\starlette\testclient.py:354: in handle_request
    raise exc
..\..\..\AppData\Roaming\Python\Python313\site-packages\starlette\testclient.py:351: in handle_request
    portal.call(self.app, scope, receive, send)
..\..\..\AppData\Roaming\Python\Python313\site-packages\anyio\from_thread.py:291: in call
    return cast(T_Retval, self.start_task_soon(func, *args).result())
                          ^^^^^^^^^^^^^^^^^^^^^^^^^^^^^^^^^^^^^^^^^^
C:\Python313\Lib\concurrent\futures\_base.py:456: in result
    return self.__get_result()
           ^^^^^^^^^^^^^^^^^^^
C:\Python313\Lib\concurrent\futures\_base.py:401: in __get_result
    raise self._exception
..\..\..\AppData\Roaming\Python\Python313\site-packages\anyio\from_thread.py:222: in _call_func
    retval = await retval_or_awaitable
             ^^^^^^^^^^^^^^^^^^^^^^^^^
..\..\..\AppData\Roaming\Python\Python313\site-packages\fastapi\applications.py:1054: in __call__
    await super().__call__(scope, receive, send)
..\..\..\AppData\Roaming\Python\Python313\site-packages\starlette\applications.py:113: in __call__
    await self.middleware_stack(scope, receive, send)
..\..\..\AppData\Roaming\Python\Python313\site-packages\starlette\middleware\errors.py:186: in __call__
    raise exc
..\..\..\AppData\Roaming\Python\Python313\site-packages\starlette\middleware\errors.py:164: in __call__
    await self.app(scope, receive, _send)
..\..\..\AppData\Roaming\Python\Python313\site-packages\starlette\middleware\cors.py:85: in __call__
    await self.app(scope, receive, send)
..\..\..\AppData\Roaming\Python\Python313\site-packages\starlette\middleware\exceptions.py:63: in __call__
    await wrap_app_handling_exceptions(self.app, conn)(scope, receive, send)
..\..\..\AppData\Roaming\Python\Python313\site-packages\starlette\_exception_handler.py:53: in wrapped_app
    raise exc
..\..\..\AppData\Roaming\Python\Python313\site-packages\starlette\_exception_handler.py:42: in wrapped_app
    await app(scope, receive, sender)
..\..\..\AppData\Roaming\Python\Python313\site-packages\starlette\routing.py:716: in __call__
    await self.middleware_stack(scope, receive, send)
..\..\..\AppData\Roaming\Python\Python313\site-packages\starlette\routing.py:736: in app
    await route.handle(scope, receive, send)
..\..\..\AppData\Roaming\Python\Python313\site-packages\starlette\routing.py:290: in handle
    await self.app(scope, receive, send)
..\..\..\AppData\Roaming\Python\Python313\site-packages\starlette\routing.py:78: in app
    await wrap_app_handling_exceptions(app, request)(scope, receive, send)
..\..\..\AppData\Roaming\Python\Python313\site-packages\starlette\_exception_handler.py:53: in wrapped_app
    raise exc
..\..\..\AppData\Roaming\Python\Python313\site-packages\starlette\_exception_handler.py:42: in wrapped_app
    await app(scope, receive, sender)
..\..\..\AppData\Roaming\Python\Python313\site-packages\starlette\routing.py:75: in app
    response = await f(request)
               ^^^^^^^^^^^^^^^^
..\..\..\AppData\Roaming\Python\Python313\site-packages\fastapi\routing.py:292: in app
    solved_result = await solve_dependencies(
..\..\..\AppData\Roaming\Python\Python313\site-packages\fastapi\dependencies\utils.py:634: in solve_dependencies
    solved = await solve_generator(
..\..\..\AppData\Roaming\Python\Python313\site-packages\fastapi\dependencies\utils.py:560: in solve_generator
    return await stack.enter_async_context(cm)
           ^^^^^^^^^^^^^^^^^^^^^^^^^^^^^^^^^^^
C:\Python313\Lib\contextlib.py:668: in enter_async_context
    result = await _enter(cm)
             ^^^^^^^^^^^^^^^^
C:\Python313\Lib\contextlib.py:214: in __aenter__
    return await anext(self.gen)
           ^^^^^^^^^^^^^^^^^^^^^
..\..\..\AppData\Roaming\Python\Python313\site-packages\fastapi\concurrency.py:35: in contextmanager_in_threadpool
    raise e
..\..\..\AppData\Roaming\Python\Python313\site-packages\fastapi\concurrency.py:27: in contextmanager_in_threadpool
    yield await run_in_threadpool(cm.__enter__)
          ^^^^^^^^^^^^^^^^^^^^^^^^^^^^^^^^^^^^^
..\..\..\AppData\Roaming\Python\Python313\site-packages\starlette\concurrency.py:38: in run_in_threadpool
    return await anyio.to_thread.run_sync(func)
           ^^^^^^^^^^^^^^^^^^^^^^^^^^^^^^^^^^^^
..\..\..\AppData\Roaming\Python\Python313\site-packages\anyio\to_thread.py:56: in run_sync
    return await get_async_backend().run_sync_in_worker_thread(
..\..\..\AppData\Roaming\Python\Python313\site-packages\anyio\_backends\_asyncio.py:2476: in run_sync_in_worker_thread
    return await future
           ^^^^^^^^^^^^
..\..\..\AppData\Roaming\Python\Python313\site-packages\anyio\_backends\_asyncio.py:967: in run
    result = context.run(func, *args)
             ^^^^^^^^^^^^^^^^^^^^^^^^
C:\Python313\Lib\contextlib.py:141: in __enter__
    return next(self.gen)
           ^^^^^^^^^^^^^^
backend\api\routes.py:55: in get_db_client
    client.connect()
backend\storage\client.py:65: in connect
    raise InfluxDBClientError(f"Connection failed: {e}") from e
E   backend.storage.client.InfluxDBClientError: Connection failed: Failed to ping InfluxDB
______ TestPowerFactorValidation.test_power_factor_negative_returns_422 _______
backend\storage\client.py:63: in connect
    raise InfluxDBClientError("Failed to ping InfluxDB")
E   backend.storage.client.InfluxDBClientError: Failed to ping InfluxDB

The above exception was the direct cause of the following exception:
tests\test_api.py:221: in test_power_factor_negative_returns_422
    response = client.post("/ingest", json=payload)
               ^^^^^^^^^^^^^^^^^^^^^^^^^^^^^^^^^^^^
..\..\..\AppData\Roaming\Python\Python313\site-packages\starlette\testclient.py:552: in post
    return super().post(
..\..\..\AppData\Roaming\Python\Python313\site-packages\httpx\_client.py:1144: in post
    return self.request(
..\..\..\AppData\Roaming\Python\Python313\site-packages\starlette\testclient.py:451: in request
    return super().request(
..\..\..\AppData\Roaming\Python\Python313\site-packages\httpx\_client.py:825: in request
    return self.send(request, auth=auth, follow_redirects=follow_redirects)
           ^^^^^^^^^^^^^^^^^^^^^^^^^^^^^^^^^^^^^^^^^^^^^^^^^^^^^^^^^^^^^^^^
..\..\..\AppData\Roaming\Python\Python313\site-packages\httpx\_client.py:914: in send
    response = self._send_handling_auth(
..\..\..\AppData\Roaming\Python\Python313\site-packages\httpx\_client.py:942: in _send_handling_auth
    response = self._send_handling_redirects(
..\..\..\AppData\Roaming\Python\Python313\site-packages\httpx\_client.py:979: in _send_handling_redirects
    response = self._send_single_request(request)
               ^^^^^^^^^^^^^^^^^^^^^^^^^^^^^^^^^^
..\..\..\AppData\Roaming\Python\Python313\site-packages\httpx\_client.py:1014: in _send_single_request
    response = transport.handle_request(request)
               ^^^^^^^^^^^^^^^^^^^^^^^^^^^^^^^^^
..\..\..\AppData\Roaming\Python\Python313\site-packages\starlette\testclient.py:354: in handle_request
    raise exc
..\..\..\AppData\Roaming\Python\Python313\site-packages\starlette\testclient.py:351: in handle_request
    portal.call(self.app, scope, receive, send)
..\..\..\AppData\Roaming\Python\Python313\site-packages\anyio\from_thread.py:291: in call
    return cast(T_Retval, self.start_task_soon(func, *args).result())
                          ^^^^^^^^^^^^^^^^^^^^^^^^^^^^^^^^^^^^^^^^^^
C:\Python313\Lib\concurrent\futures\_base.py:456: in result
    return self.__get_result()
           ^^^^^^^^^^^^^^^^^^^
C:\Python313\Lib\concurrent\futures\_base.py:401: in __get_result
    raise self._exception
..\..\..\AppData\Roaming\Python\Python313\site-packages\anyio\from_thread.py:222: in _call_func
    retval = await retval_or_awaitable
             ^^^^^^^^^^^^^^^^^^^^^^^^^
..\..\..\AppData\Roaming\Python\Python313\site-packages\fastapi\applications.py:1054: in __call__
    await super().__call__(scope, receive, send)
..\..\..\AppData\Roaming\Python\Python313\site-packages\starlette\applications.py:113: in __call__
    await self.middleware_stack(scope, receive, send)
..\..\..\AppData\Roaming\Python\Python313\site-packages\starlette\middleware\errors.py:186: in __call__
    raise exc
..\..\..\AppData\Roaming\Python\Python313\site-packages\starlette\middleware\errors.py:164: in __call__
    await self.app(scope, receive, _send)
..\..\..\AppData\Roaming\Python\Python313\site-packages\starlette\middleware\cors.py:85: in __call__
    await self.app(scope, receive, send)
..\..\..\AppData\Roaming\Python\Python313\site-packages\starlette\middleware\exceptions.py:63: in __call__
    await wrap_app_handling_exceptions(self.app, conn)(scope, receive, send)
..\..\..\AppData\Roaming\Python\Python313\site-packages\starlette\_exception_handler.py:53: in wrapped_app
    raise exc
..\..\..\AppData\Roaming\Python\Python313\site-packages\starlette\_exception_handler.py:42: in wrapped_app
    await app(scope, receive, sender)
..\..\..\AppData\Roaming\Python\Python313\site-packages\starlette\routing.py:716: in __call__
    await self.middleware_stack(scope, receive, send)
..\..\..\AppData\Roaming\Python\Python313\site-packages\starlette\routing.py:736: in app
    await route.handle(scope, receive, send)
..\..\..\AppData\Roaming\Python\Python313\site-packages\starlette\routing.py:290: in handle
    await self.app(scope, receive, send)
..\..\..\AppData\Roaming\Python\Python313\site-packages\starlette\routing.py:78: in app
    await wrap_app_handling_exceptions(app, request)(scope, receive, send)
..\..\..\AppData\Roaming\Python\Python313\site-packages\starlette\_exception_handler.py:53: in wrapped_app
    raise exc
..\..\..\AppData\Roaming\Python\Python313\site-packages\starlette\_exception_handler.py:42: in wrapped_app
    await app(scope, receive, sender)
..\..\..\AppData\Roaming\Python\Python313\site-packages\starlette\routing.py:75: in app
    response = await f(request)
               ^^^^^^^^^^^^^^^^
..\..\..\AppData\Roaming\Python\Python313\site-packages\fastapi\routing.py:292: in app
    solved_result = await solve_dependencies(
..\..\..\AppData\Roaming\Python\Python313\site-packages\fastapi\dependencies\utils.py:634: in solve_dependencies
    solved = await solve_generator(
..\..\..\AppData\Roaming\Python\Python313\site-packages\fastapi\dependencies\utils.py:560: in solve_generator
    return await stack.enter_async_context(cm)
           ^^^^^^^^^^^^^^^^^^^^^^^^^^^^^^^^^^^
C:\Python313\Lib\contextlib.py:668: in enter_async_context
    result = await _enter(cm)
             ^^^^^^^^^^^^^^^^
C:\Python313\Lib\contextlib.py:214: in __aenter__
    return await anext(self.gen)
           ^^^^^^^^^^^^^^^^^^^^^
..\..\..\AppData\Roaming\Python\Python313\site-packages\fastapi\concurrency.py:35: in contextmanager_in_threadpool
    raise e
..\..\..\AppData\Roaming\Python\Python313\site-packages\fastapi\concurrency.py:27: in contextmanager_in_threadpool
    yield await run_in_threadpool(cm.__enter__)
          ^^^^^^^^^^^^^^^^^^^^^^^^^^^^^^^^^^^^^
..\..\..\AppData\Roaming\Python\Python313\site-packages\starlette\concurrency.py:38: in run_in_threadpool
    return await anyio.to_thread.run_sync(func)
           ^^^^^^^^^^^^^^^^^^^^^^^^^^^^^^^^^^^^
..\..\..\AppData\Roaming\Python\Python313\site-packages\anyio\to_thread.py:56: in run_sync
    return await get_async_backend().run_sync_in_worker_thread(
..\..\..\AppData\Roaming\Python\Python313\site-packages\anyio\_backends\_asyncio.py:2476: in run_sync_in_worker_thread
    return await future
           ^^^^^^^^^^^^
..\..\..\AppData\Roaming\Python\Python313\site-packages\anyio\_backends\_asyncio.py:967: in run
    result = context.run(func, *args)
             ^^^^^^^^^^^^^^^^^^^^^^^^
C:\Python313\Lib\contextlib.py:141: in __enter__
    return next(self.gen)
           ^^^^^^^^^^^^^^
backend\api\routes.py:55: in get_db_client
    client.connect()
backend\storage\client.py:65: in connect
    raise InfluxDBClientError(f"Connection failed: {e}") from e
E   backend.storage.client.InfluxDBClientError: Connection failed: Failed to ping InfluxDB
_____________ TestMissingFields.test_missing_event_id_returns_422 _____________
backend\storage\client.py:63: in connect
    raise InfluxDBClientError("Failed to ping InfluxDB")
E   backend.storage.client.InfluxDBClientError: Failed to ping InfluxDB

The above exception was the direct cause of the following exception:
tests\test_api.py:234: in test_missing_event_id_returns_422
    response = client.post("/ingest", json=payload)
               ^^^^^^^^^^^^^^^^^^^^^^^^^^^^^^^^^^^^
..\..\..\AppData\Roaming\Python\Python313\site-packages\starlette\testclient.py:552: in post
    return super().post(
..\..\..\AppData\Roaming\Python\Python313\site-packages\httpx\_client.py:1144: in post
    return self.request(
..\..\..\AppData\Roaming\Python\Python313\site-packages\starlette\testclient.py:451: in request
    return super().request(
..\..\..\AppData\Roaming\Python\Python313\site-packages\httpx\_client.py:825: in request
    return self.send(request, auth=auth, follow_redirects=follow_redirects)
           ^^^^^^^^^^^^^^^^^^^^^^^^^^^^^^^^^^^^^^^^^^^^^^^^^^^^^^^^^^^^^^^^
..\..\..\AppData\Roaming\Python\Python313\site-packages\httpx\_client.py:914: in send
    response = self._send_handling_auth(
..\..\..\AppData\Roaming\Python\Python313\site-packages\httpx\_client.py:942: in _send_handling_auth
    response = self._send_handling_redirects(
..\..\..\AppData\Roaming\Python\Python313\site-packages\httpx\_client.py:979: in _send_handling_redirects
    response = self._send_single_request(request)
               ^^^^^^^^^^^^^^^^^^^^^^^^^^^^^^^^^^
..\..\..\AppData\Roaming\Python\Python313\site-packages\httpx\_client.py:1014: in _send_single_request
    response = transport.handle_request(request)
               ^^^^^^^^^^^^^^^^^^^^^^^^^^^^^^^^^
..\..\..\AppData\Roaming\Python\Python313\site-packages\starlette\testclient.py:354: in handle_request
    raise exc
..\..\..\AppData\Roaming\Python\Python313\site-packages\starlette\testclient.py:351: in handle_request
    portal.call(self.app, scope, receive, send)
..\..\..\AppData\Roaming\Python\Python313\site-packages\anyio\from_thread.py:291: in call
    return cast(T_Retval, self.start_task_soon(func, *args).result())
                          ^^^^^^^^^^^^^^^^^^^^^^^^^^^^^^^^^^^^^^^^^^
C:\Python313\Lib\concurrent\futures\_base.py:456: in result
    return self.__get_result()
           ^^^^^^^^^^^^^^^^^^^
C:\Python313\Lib\concurrent\futures\_base.py:401: in __get_result
    raise self._exception
..\..\..\AppData\Roaming\Python\Python313\site-packages\anyio\from_thread.py:222: in _call_func
    retval = await retval_or_awaitable
             ^^^^^^^^^^^^^^^^^^^^^^^^^
..\..\..\AppData\Roaming\Python\Python313\site-packages\fastapi\applications.py:1054: in __call__
    await super().__call__(scope, receive, send)
..\..\..\AppData\Roaming\Python\Python313\site-packages\starlette\applications.py:113: in __call__
    await self.middleware_stack(scope, receive, send)
..\..\..\AppData\Roaming\Python\Python313\site-packages\starlette\middleware\errors.py:186: in __call__
    raise exc
..\..\..\AppData\Roaming\Python\Python313\site-packages\starlette\middleware\errors.py:164: in __call__
    await self.app(scope, receive, _send)
..\..\..\AppData\Roaming\Python\Python313\site-packages\starlette\middleware\cors.py:85: in __call__
    await self.app(scope, receive, send)
..\..\..\AppData\Roaming\Python\Python313\site-packages\starlette\middleware\exceptions.py:63: in __call__
    await wrap_app_handling_exceptions(self.app, conn)(scope, receive, send)
..\..\..\AppData\Roaming\Python\Python313\site-packages\starlette\_exception_handler.py:53: in wrapped_app
    raise exc
..\..\..\AppData\Roaming\Python\Python313\site-packages\starlette\_exception_handler.py:42: in wrapped_app
    await app(scope, receive, sender)
..\..\..\AppData\Roaming\Python\Python313\site-packages\starlette\routing.py:716: in __call__
    await self.middleware_stack(scope, receive, send)
..\..\..\AppData\Roaming\Python\Python313\site-packages\starlette\routing.py:736: in app
    await route.handle(scope, receive, send)
..\..\..\AppData\Roaming\Python\Python313\site-packages\starlette\routing.py:290: in handle
    await self.app(scope, receive, send)
..\..\..\AppData\Roaming\Python\Python313\site-packages\starlette\routing.py:78: in app
    await wrap_app_handling_exceptions(app, request)(scope, receive, send)
..\..\..\AppData\Roaming\Python\Python313\site-packages\starlette\_exception_handler.py:53: in wrapped_app
    raise exc
..\..\..\AppData\Roaming\Python\Python313\site-packages\starlette\_exception_handler.py:42: in wrapped_app
    await app(scope, receive, sender)
..\..\..\AppData\Roaming\Python\Python313\site-packages\starlette\routing.py:75: in app
    response = await f(request)
               ^^^^^^^^^^^^^^^^
..\..\..\AppData\Roaming\Python\Python313\site-packages\fastapi\routing.py:292: in app
    solved_result = await solve_dependencies(
..\..\..\AppData\Roaming\Python\Python313\site-packages\fastapi\dependencies\utils.py:634: in solve_dependencies
    solved = await solve_generator(
..\..\..\AppData\Roaming\Python\Python313\site-packages\fastapi\dependencies\utils.py:560: in solve_generator
    return await stack.enter_async_context(cm)
           ^^^^^^^^^^^^^^^^^^^^^^^^^^^^^^^^^^^
C:\Python313\Lib\contextlib.py:668: in enter_async_context
    result = await _enter(cm)
             ^^^^^^^^^^^^^^^^
C:\Python313\Lib\contextlib.py:214: in __aenter__
    return await anext(self.gen)
           ^^^^^^^^^^^^^^^^^^^^^
..\..\..\AppData\Roaming\Python\Python313\site-packages\fastapi\concurrency.py:35: in contextmanager_in_threadpool
    raise e
..\..\..\AppData\Roaming\Python\Python313\site-packages\fastapi\concurrency.py:27: in contextmanager_in_threadpool
    yield await run_in_threadpool(cm.__enter__)
          ^^^^^^^^^^^^^^^^^^^^^^^^^^^^^^^^^^^^^
..\..\..\AppData\Roaming\Python\Python313\site-packages\starlette\concurrency.py:38: in run_in_threadpool
    return await anyio.to_thread.run_sync(func)
           ^^^^^^^^^^^^^^^^^^^^^^^^^^^^^^^^^^^^
..\..\..\AppData\Roaming\Python\Python313\site-packages\anyio\to_thread.py:56: in run_sync
    return await get_async_backend().run_sync_in_worker_thread(
..\..\..\AppData\Roaming\Python\Python313\site-packages\anyio\_backends\_asyncio.py:2476: in run_sync_in_worker_thread
    return await future
           ^^^^^^^^^^^^
..\..\..\AppData\Roaming\Python\Python313\site-packages\anyio\_backends\_asyncio.py:967: in run
    result = context.run(func, *args)
             ^^^^^^^^^^^^^^^^^^^^^^^^
C:\Python313\Lib\contextlib.py:141: in __enter__
    return next(self.gen)
           ^^^^^^^^^^^^^^
backend\api\routes.py:55: in get_db_client
    client.connect()
backend\storage\client.py:65: in connect
    raise InfluxDBClientError(f"Connection failed: {e}") from e
E   backend.storage.client.InfluxDBClientError: Connection failed: Failed to ping InfluxDB
_____________ TestMissingFields.test_missing_signals_returns_422 ______________
backend\storage\client.py:63: in connect
    raise InfluxDBClientError("Failed to ping InfluxDB")
E   backend.storage.client.InfluxDBClientError: Failed to ping InfluxDB

The above exception was the direct cause of the following exception:
tests\test_api.py:243: in test_missing_signals_returns_422
    response = client.post("/ingest", json=payload)
               ^^^^^^^^^^^^^^^^^^^^^^^^^^^^^^^^^^^^
..\..\..\AppData\Roaming\Python\Python313\site-packages\starlette\testclient.py:552: in post
    return super().post(
..\..\..\AppData\Roaming\Python\Python313\site-packages\httpx\_client.py:1144: in post
    return self.request(
..\..\..\AppData\Roaming\Python\Python313\site-packages\starlette\testclient.py:451: in request
    return super().request(
..\..\..\AppData\Roaming\Python\Python313\site-packages\httpx\_client.py:825: in request
    return self.send(request, auth=auth, follow_redirects=follow_redirects)
           ^^^^^^^^^^^^^^^^^^^^^^^^^^^^^^^^^^^^^^^^^^^^^^^^^^^^^^^^^^^^^^^^
..\..\..\AppData\Roaming\Python\Python313\site-packages\httpx\_client.py:914: in send
    response = self._send_handling_auth(
..\..\..\AppData\Roaming\Python\Python313\site-packages\httpx\_client.py:942: in _send_handling_auth
    response = self._send_handling_redirects(
..\..\..\AppData\Roaming\Python\Python313\site-packages\httpx\_client.py:979: in _send_handling_redirects
    response = self._send_single_request(request)
               ^^^^^^^^^^^^^^^^^^^^^^^^^^^^^^^^^^
..\..\..\AppData\Roaming\Python\Python313\site-packages\httpx\_client.py:1014: in _send_single_request
    response = transport.handle_request(request)
               ^^^^^^^^^^^^^^^^^^^^^^^^^^^^^^^^^
..\..\..\AppData\Roaming\Python\Python313\site-packages\starlette\testclient.py:354: in handle_request
    raise exc
..\..\..\AppData\Roaming\Python\Python313\site-packages\starlette\testclient.py:351: in handle_request
    portal.call(self.app, scope, receive, send)
..\..\..\AppData\Roaming\Python\Python313\site-packages\anyio\from_thread.py:291: in call
    return cast(T_Retval, self.start_task_soon(func, *args).result())
                          ^^^^^^^^^^^^^^^^^^^^^^^^^^^^^^^^^^^^^^^^^^
C:\Python313\Lib\concurrent\futures\_base.py:456: in result
    return self.__get_result()
           ^^^^^^^^^^^^^^^^^^^
C:\Python313\Lib\concurrent\futures\_base.py:401: in __get_result
    raise self._exception
..\..\..\AppData\Roaming\Python\Python313\site-packages\anyio\from_thread.py:222: in _call_func
    retval = await retval_or_awaitable
             ^^^^^^^^^^^^^^^^^^^^^^^^^
..\..\..\AppData\Roaming\Python\Python313\site-packages\fastapi\applications.py:1054: in __call__
    await super().__call__(scope, receive, send)
..\..\..\AppData\Roaming\Python\Python313\site-packages\starlette\applications.py:113: in __call__
    await self.middleware_stack(scope, receive, send)
..\..\..\AppData\Roaming\Python\Python313\site-packages\starlette\middleware\errors.py:186: in __call__
    raise exc
..\..\..\AppData\Roaming\Python\Python313\site-packages\starlette\middleware\errors.py:164: in __call__
    await self.app(scope, receive, _send)
..\..\..\AppData\Roaming\Python\Python313\site-packages\starlette\middleware\cors.py:85: in __call__
    await self.app(scope, receive, send)
..\..\..\AppData\Roaming\Python\Python313\site-packages\starlette\middleware\exceptions.py:63: in __call__
    await wrap_app_handling_exceptions(self.app, conn)(scope, receive, send)
..\..\..\AppData\Roaming\Python\Python313\site-packages\starlette\_exception_handler.py:53: in wrapped_app
    raise exc
..\..\..\AppData\Roaming\Python\Python313\site-packages\starlette\_exception_handler.py:42: in wrapped_app
    await app(scope, receive, sender)
..\..\..\AppData\Roaming\Python\Python313\site-packages\starlette\routing.py:716: in __call__
    await self.middleware_stack(scope, receive, send)
..\..\..\AppData\Roaming\Python\Python313\site-packages\starlette\routing.py:736: in app
    await route.handle(scope, receive, send)
..\..\..\AppData\Roaming\Python\Python313\site-packages\starlette\routing.py:290: in handle
    await self.app(scope, receive, send)
..\..\..\AppData\Roaming\Python\Python313\site-packages\starlette\routing.py:78: in app
    await wrap_app_handling_exceptions(app, request)(scope, receive, send)
..\..\..\AppData\Roaming\Python\Python313\site-packages\starlette\_exception_handler.py:53: in wrapped_app
    raise exc
..\..\..\AppData\Roaming\Python\Python313\site-packages\starlette\_exception_handler.py:42: in wrapped_app
    await app(scope, receive, sender)
..\..\..\AppData\Roaming\Python\Python313\site-packages\starlette\routing.py:75: in app
    response = await f(request)
               ^^^^^^^^^^^^^^^^
..\..\..\AppData\Roaming\Python\Python313\site-packages\fastapi\routing.py:292: in app
    solved_result = await solve_dependencies(
..\..\..\AppData\Roaming\Python\Python313\site-packages\fastapi\dependencies\utils.py:634: in solve_dependencies
    solved = await solve_generator(
..\..\..\AppData\Roaming\Python\Python313\site-packages\fastapi\dependencies\utils.py:560: in solve_generator
    return await stack.enter_async_context(cm)
           ^^^^^^^^^^^^^^^^^^^^^^^^^^^^^^^^^^^
C:\Python313\Lib\contextlib.py:668: in enter_async_context
    result = await _enter(cm)
             ^^^^^^^^^^^^^^^^
C:\Python313\Lib\contextlib.py:214: in __aenter__
    return await anext(self.gen)
           ^^^^^^^^^^^^^^^^^^^^^
..\..\..\AppData\Roaming\Python\Python313\site-packages\fastapi\concurrency.py:35: in contextmanager_in_threadpool
    raise e
..\..\..\AppData\Roaming\Python\Python313\site-packages\fastapi\concurrency.py:27: in contextmanager_in_threadpool
    yield await run_in_threadpool(cm.__enter__)
          ^^^^^^^^^^^^^^^^^^^^^^^^^^^^^^^^^^^^^
..\..\..\AppData\Roaming\Python\Python313\site-packages\starlette\concurrency.py:38: in run_in_threadpool
    return await anyio.to_thread.run_sync(func)
           ^^^^^^^^^^^^^^^^^^^^^^^^^^^^^^^^^^^^
..\..\..\AppData\Roaming\Python\Python313\site-packages\anyio\to_thread.py:56: in run_sync
    return await get_async_backend().run_sync_in_worker_thread(
..\..\..\AppData\Roaming\Python\Python313\site-packages\anyio\_backends\_asyncio.py:2476: in run_sync_in_worker_thread
    return await future
           ^^^^^^^^^^^^
..\..\..\AppData\Roaming\Python\Python313\site-packages\anyio\_backends\_asyncio.py:967: in run
    result = context.run(func, *args)
             ^^^^^^^^^^^^^^^^^^^^^^^^
C:\Python313\Lib\contextlib.py:141: in __enter__
    return next(self.gen)
           ^^^^^^^^^^^^^^
backend\api\routes.py:55: in get_db_client
    client.connect()
backend\storage\client.py:65: in connect
    raise InfluxDBClientError(f"Connection failed: {e}") from e
E   backend.storage.client.InfluxDBClientError: Connection failed: Failed to ping InfluxDB
_____________ TestMissingFields.test_missing_voltage_returns_422 ______________
backend\storage\client.py:63: in connect
    raise InfluxDBClientError("Failed to ping InfluxDB")
E   backend.storage.client.InfluxDBClientError: Failed to ping InfluxDB

The above exception was the direct cause of the following exception:
tests\test_api.py:252: in test_missing_voltage_returns_422
    response = client.post("/ingest", json=payload)
               ^^^^^^^^^^^^^^^^^^^^^^^^^^^^^^^^^^^^
..\..\..\AppData\Roaming\Python\Python313\site-packages\starlette\testclient.py:552: in post
    return super().post(
..\..\..\AppData\Roaming\Python\Python313\site-packages\httpx\_client.py:1144: in post
    return self.request(
..\..\..\AppData\Roaming\Python\Python313\site-packages\starlette\testclient.py:451: in request
    return super().request(
..\..\..\AppData\Roaming\Python\Python313\site-packages\httpx\_client.py:825: in request
    return self.send(request, auth=auth, follow_redirects=follow_redirects)
           ^^^^^^^^^^^^^^^^^^^^^^^^^^^^^^^^^^^^^^^^^^^^^^^^^^^^^^^^^^^^^^^^
..\..\..\AppData\Roaming\Python\Python313\site-packages\httpx\_client.py:914: in send
    response = self._send_handling_auth(
..\..\..\AppData\Roaming\Python\Python313\site-packages\httpx\_client.py:942: in _send_handling_auth
    response = self._send_handling_redirects(
..\..\..\AppData\Roaming\Python\Python313\site-packages\httpx\_client.py:979: in _send_handling_redirects
    response = self._send_single_request(request)
               ^^^^^^^^^^^^^^^^^^^^^^^^^^^^^^^^^^
..\..\..\AppData\Roaming\Python\Python313\site-packages\httpx\_client.py:1014: in _send_single_request
    response = transport.handle_request(request)
               ^^^^^^^^^^^^^^^^^^^^^^^^^^^^^^^^^
..\..\..\AppData\Roaming\Python\Python313\site-packages\starlette\testclient.py:354: in handle_request
    raise exc
..\..\..\AppData\Roaming\Python\Python313\site-packages\starlette\testclient.py:351: in handle_request
    portal.call(self.app, scope, receive, send)
..\..\..\AppData\Roaming\Python\Python313\site-packages\anyio\from_thread.py:291: in call
    return cast(T_Retval, self.start_task_soon(func, *args).result())
                          ^^^^^^^^^^^^^^^^^^^^^^^^^^^^^^^^^^^^^^^^^^
C:\Python313\Lib\concurrent\futures\_base.py:456: in result
    return self.__get_result()
           ^^^^^^^^^^^^^^^^^^^
C:\Python313\Lib\concurrent\futures\_base.py:401: in __get_result
    raise self._exception
..\..\..\AppData\Roaming\Python\Python313\site-packages\anyio\from_thread.py:222: in _call_func
    retval = await retval_or_awaitable
             ^^^^^^^^^^^^^^^^^^^^^^^^^
..\..\..\AppData\Roaming\Python\Python313\site-packages\fastapi\applications.py:1054: in __call__
    await super().__call__(scope, receive, send)
..\..\..\AppData\Roaming\Python\Python313\site-packages\starlette\applications.py:113: in __call__
    await self.middleware_stack(scope, receive, send)
..\..\..\AppData\Roaming\Python\Python313\site-packages\starlette\middleware\errors.py:186: in __call__
    raise exc
..\..\..\AppData\Roaming\Python\Python313\site-packages\starlette\middleware\errors.py:164: in __call__
    await self.app(scope, receive, _send)
..\..\..\AppData\Roaming\Python\Python313\site-packages\starlette\middleware\cors.py:85: in __call__
    await self.app(scope, receive, send)
..\..\..\AppData\Roaming\Python\Python313\site-packages\starlette\middleware\exceptions.py:63: in __call__
    await wrap_app_handling_exceptions(self.app, conn)(scope, receive, send)
..\..\..\AppData\Roaming\Python\Python313\site-packages\starlette\_exception_handler.py:53: in wrapped_app
    raise exc
..\..\..\AppData\Roaming\Python\Python313\site-packages\starlette\_exception_handler.py:42: in wrapped_app
    await app(scope, receive, sender)
..\..\..\AppData\Roaming\Python\Python313\site-packages\starlette\routing.py:716: in __call__
    await self.middleware_stack(scope, receive, send)
..\..\..\AppData\Roaming\Python\Python313\site-packages\starlette\routing.py:736: in app
    await route.handle(scope, receive, send)
..\..\..\AppData\Roaming\Python\Python313\site-packages\starlette\routing.py:290: in handle
    await self.app(scope, receive, send)
..\..\..\AppData\Roaming\Python\Python313\site-packages\starlette\routing.py:78: in app
    await wrap_app_handling_exceptions(app, request)(scope, receive, send)
..\..\..\AppData\Roaming\Python\Python313\site-packages\starlette\_exception_handler.py:53: in wrapped_app
    raise exc
..\..\..\AppData\Roaming\Python\Python313\site-packages\starlette\_exception_handler.py:42: in wrapped_app
    await app(scope, receive, sender)
..\..\..\AppData\Roaming\Python\Python313\site-packages\starlette\routing.py:75: in app
    response = await f(request)
               ^^^^^^^^^^^^^^^^
..\..\..\AppData\Roaming\Python\Python313\site-packages\fastapi\routing.py:292: in app
    solved_result = await solve_dependencies(
..\..\..\AppData\Roaming\Python\Python313\site-packages\fastapi\dependencies\utils.py:634: in solve_dependencies
    solved = await solve_generator(
..\..\..\AppData\Roaming\Python\Python313\site-packages\fastapi\dependencies\utils.py:560: in solve_generator
    return await stack.enter_async_context(cm)
           ^^^^^^^^^^^^^^^^^^^^^^^^^^^^^^^^^^^
C:\Python313\Lib\contextlib.py:668: in enter_async_context
    result = await _enter(cm)
             ^^^^^^^^^^^^^^^^
C:\Python313\Lib\contextlib.py:214: in __aenter__
    return await anext(self.gen)
           ^^^^^^^^^^^^^^^^^^^^^
..\..\..\AppData\Roaming\Python\Python313\site-packages\fastapi\concurrency.py:35: in contextmanager_in_threadpool
    raise e
..\..\..\AppData\Roaming\Python\Python313\site-packages\fastapi\concurrency.py:27: in contextmanager_in_threadpool
    yield await run_in_threadpool(cm.__enter__)
          ^^^^^^^^^^^^^^^^^^^^^^^^^^^^^^^^^^^^^
..\..\..\AppData\Roaming\Python\Python313\site-packages\starlette\concurrency.py:38: in run_in_threadpool
    return await anyio.to_thread.run_sync(func)
           ^^^^^^^^^^^^^^^^^^^^^^^^^^^^^^^^^^^^
..\..\..\AppData\Roaming\Python\Python313\site-packages\anyio\to_thread.py:56: in run_sync
    return await get_async_backend().run_sync_in_worker_thread(
..\..\..\AppData\Roaming\Python\Python313\site-packages\anyio\_backends\_asyncio.py:2476: in run_sync_in_worker_thread
    return await future
           ^^^^^^^^^^^^
..\..\..\AppData\Roaming\Python\Python313\site-packages\anyio\_backends\_asyncio.py:967: in run
    result = context.run(func, *args)
             ^^^^^^^^^^^^^^^^^^^^^^^^
C:\Python313\Lib\contextlib.py:141: in __enter__
    return next(self.gen)
           ^^^^^^^^^^^^^^
backend\api\routes.py:55: in get_db_client
    client.connect()
backend\storage\client.py:65: in connect
    raise InfluxDBClientError(f"Connection failed: {e}") from e
E   backend.storage.client.InfluxDBClientError: Connection failed: Failed to ping InfluxDB
_______ TestHealthScoreComputation.test_health_formula_is_deterministic _______
tests\test_assessor.py:41: in test_health_formula_is_deterministic
    assert assessor.compute_health_score(0.5) == 50
E   assert 38 == 50
E    +  where 38 = compute_health_score(0.5)
E    +    where compute_health_score = <backend.rules.assessor.HealthAssessor object at 0x0000016E26413620>.compute_health_score
___________ TestHealthScoreComputation.test_same_input_same_output ____________
tests\test_assessor.py:51: in test_same_input_same_output
    assert assessor.compute_health_score(0.3) == 70
E   assert 58 == 70
E    +  where 58 = compute_health_score(0.3)
E    +    where compute_health_score = <backend.rules.assessor.HealthAssessor object at 0x0000016E262E34D0>.compute_health_score
____________ TestExcelGeneration.test_generates_valid_excel_bytes _____________
tests\test_reports.py:99: in test_generates_valid_excel_bytes
    excel_bytes = generate_excel_report(report)
                  ^^^^^^^^^^^^^^^^^^^^^^^^^^^^^
backend\reports\generator.py:553: in generate_excel_report
    with pd.ExcelWriter(buffer, engine='openpyxl') as writer:
         ^^^^^^^^^^^^^^^^^^^^^^^^^^^^^^^^^^^^^^^^^
..\..\..\AppData\Roaming\Python\Python313\site-packages\pandas\io\excel\_openpyxl.py:57: in __init__
    from openpyxl.workbook import Workbook
E   ModuleNotFoundError: No module named 'openpyxl'
---------------------------- Captured stdout call -----------------------------
[DB] Executing query...
[DB] Query returned 0 records
___________ TestExcelGeneration.test_excel_starts_with_magic_bytes ____________
tests\test_reports.py:108: in test_excel_starts_with_magic_bytes
    excel_bytes = generate_excel_report(report)
                  ^^^^^^^^^^^^^^^^^^^^^^^^^^^^^
backend\reports\generator.py:553: in generate_excel_report
    with pd.ExcelWriter(buffer, engine='openpyxl') as writer:
         ^^^^^^^^^^^^^^^^^^^^^^^^^^^^^^^^^^^^^^^^^
..\..\..\AppData\Roaming\Python\Python313\site-packages\pandas\io\excel\_openpyxl.py:57: in __init__
    from openpyxl.workbook import Workbook
E   ModuleNotFoundError: No module named 'openpyxl'
---------------------------- Captured stdout call -----------------------------
[DB] Executing query...
[DB] Query returned 0 records
____________ TestExcelGeneration.test_excel_can_be_read_by_pandas _____________
tests\test_reports.py:118: in test_excel_can_be_read_by_pandas
    excel_bytes = generate_excel_report(report)
                  ^^^^^^^^^^^^^^^^^^^^^^^^^^^^^
backend\reports\generator.py:553: in generate_excel_report
    with pd.ExcelWriter(buffer, engine='openpyxl') as writer:
         ^^^^^^^^^^^^^^^^^^^^^^^^^^^^^^^^^^^^^^^^^
..\..\..\AppData\Roaming\Python\Python313\site-packages\pandas\io\excel\_openpyxl.py:57: in __init__
    from openpyxl.workbook import Workbook
E   ModuleNotFoundError: No module named 'openpyxl'
---------------------------- Captured stdout call -----------------------------
[DB] Executing query...
[DB] Query returned 0 records
__________ TestSnapshotRule.test_uses_provided_health_score_in_excel __________
tests\test_reports.py:175: in test_uses_provided_health_score_in_excel
    excel_bytes = generate_excel_report(report)
                  ^^^^^^^^^^^^^^^^^^^^^^^^^^^^^
backend\reports\generator.py:553: in generate_excel_report
    with pd.ExcelWriter(buffer, engine='openpyxl') as writer:
         ^^^^^^^^^^^^^^^^^^^^^^^^^^^^^^^^^^^^^^^^^
..\..\..\AppData\Roaming\Python\Python313\site-packages\pandas\io\excel\_openpyxl.py:57: in __init__
    from openpyxl.workbook import Workbook
E   ModuleNotFoundError: No module named 'openpyxl'
---------------------------- Captured stdout call -----------------------------
[DB] Executing query...
[DB] Query returned 0 records
___________ TestSnapshotRule.test_uses_provided_timestamp_in_excel ____________
tests\test_reports.py:187: in test_uses_provided_timestamp_in_excel
    excel_bytes = generate_excel_report(report)
                  ^^^^^^^^^^^^^^^^^^^^^^^^^^^^^
backend\reports\generator.py:553: in generate_excel_report
    with pd.ExcelWriter(buffer, engine='openpyxl') as writer:
         ^^^^^^^^^^^^^^^^^^^^^^^^^^^^^^^^^^^^^^^^^
..\..\..\AppData\Roaming\Python\Python313\site-packages\pandas\io\excel\_openpyxl.py:57: in __init__
    from openpyxl.workbook import Workbook
E   ModuleNotFoundError: No module named 'openpyxl'
---------------------------- Captured stdout call -----------------------------
[DB] Executing query...
[DB] Query returned 0 records
__________ TestContentCompleteness.test_includes_maintenance_window ___________
tests\test_reports.py:205: in test_includes_maintenance_window
    excel_bytes = generate_excel_report(report)
                  ^^^^^^^^^^^^^^^^^^^^^^^^^^^^^
backend\reports\generator.py:553: in generate_excel_report
    with pd.ExcelWriter(buffer, engine='openpyxl') as writer:
         ^^^^^^^^^^^^^^^^^^^^^^^^^^^^^^^^^^^^^^^^^
..\..\..\AppData\Roaming\Python\Python313\site-packages\pandas\io\excel\_openpyxl.py:57: in __init__
    from openpyxl.workbook import Workbook
E   ModuleNotFoundError: No module named 'openpyxl'
---------------------------- Captured stdout call -----------------------------
[DB] Executing query...
[DB] Query returned 0 records
______________ TestContentCompleteness.test_includes_risk_level _______________
tests\test_reports.py:218: in test_includes_risk_level
    excel_bytes = generate_excel_report(report)
                  ^^^^^^^^^^^^^^^^^^^^^^^^^^^^^
backend\reports\generator.py:553: in generate_excel_report
    with pd.ExcelWriter(buffer, engine='openpyxl') as writer:
         ^^^^^^^^^^^^^^^^^^^^^^^^^^^^^^^^^^^^^^^^^
..\..\..\AppData\Roaming\Python\Python313\site-packages\pandas\io\excel\_openpyxl.py:57: in __init__
    from openpyxl.workbook import Workbook
E   ModuleNotFoundError: No module named 'openpyxl'
---------------------------- Captured stdout call -----------------------------
[DB] Executing query...
[DB] Query returned 0 records
_____________ TestContentCompleteness.test_includes_model_version _____________
tests\test_reports.py:230: in test_includes_model_version
    excel_bytes = generate_excel_report(report)
                  ^^^^^^^^^^^^^^^^^^^^^^^^^^^^^
backend\reports\generator.py:553: in generate_excel_report
    with pd.ExcelWriter(buffer, engine='openpyxl') as writer:
         ^^^^^^^^^^^^^^^^^^^^^^^^^^^^^^^^^^^^^^^^^
..\..\..\AppData\Roaming\Python\Python313\site-packages\pandas\io\excel\_openpyxl.py:57: in __init__
    from openpyxl.workbook import Workbook
E   ModuleNotFoundError: No module named 'openpyxl'
---------------------------- Captured stdout call -----------------------------
[DB] Executing query...
[DB] Query returned 0 records
______________ TestConnection.test_config_loads_from_environment ______________
tests\test_storage.py:91: in test_config_loads_from_environment
    assert config.host is not None
           ^^^^^^^^^^^
E   AttributeError: 'InfluxDBConfig' object has no attribute 'host'
============================== warnings summary ===============================
backend\api\operator_routes.py:68
  C:\Users\oumme\OneDrive\Desktop\Predictive Maintenance\backend\api\operator_routes.py:68: PydanticDeprecatedSince20: Support for class-based `config` is deprecated, use ConfigDict instead. Deprecated in Pydantic V2.0 to be removed in V3.0. See Pydantic V2 Migration Guide at https://errors.pydantic.dev/2.12/migration/
    class LogEntryRequest(BaseModel):

backend\generator\schemas.py:70
  C:\Users\oumme\OneDrive\Desktop\Predictive Maintenance\backend\generator\schemas.py:70: PydanticDeprecatedSince20: Support for class-based `config` is deprecated, use ConfigDict instead. Deprecated in Pydantic V2.0 to be removed in V3.0. See Pydantic V2 Migration Guide at https://errors.pydantic.dev/2.12/migration/
    class CanonicalSensorEvent(BaseModel):

..\..\..\AppData\Roaming\Python\Python313\site-packages\pydantic\_internal\_generate_schema.py:319
..\..\..\AppData\Roaming\Python\Python313\site-packages\pydantic\_internal\_generate_schema.py:319
  C:\Users\oumme\AppData\Roaming\Python\Python313\site-packages\pydantic\_internal\_generate_schema.py:319: PydanticDeprecatedSince20: `json_encoders` is deprecated. See https://docs.pydantic.dev/2.12/concepts/serialization/#custom-serializers for alternatives. Deprecated in Pydantic V2.0 to be removed in V3.0. See Pydantic V2 Migration Guide at https://errors.pydantic.dev/2.12/migration/
    warnings.warn(

-- Docs: https://docs.pytest.org/en/stable/how-to/capture-warnings.html
=========================== short test summary info ===========================
FAILED tests/test_api.py::TestPowerKwRejection::test_power_kw_in_request_returns_422
FAILED tests/test_api.py::TestEventIdValidation::test_invalid_uuid_returns_422
FAILED tests/test_api.py::TestEventIdValidation::test_uuid_v1_returns_422 - b...
FAILED tests/test_api.py::TestEventIdValidation::test_empty_event_id_returns_422
FAILED tests/test_api.py::TestTimestampValidation::test_naive_datetime_returns_422
FAILED tests/test_api.py::TestOperatingStateValidation::test_invalid_operating_state_returns_422
FAILED tests/test_api.py::TestPowerFactorValidation::test_power_factor_above_1_returns_422
FAILED tests/test_api.py::TestPowerFactorValidation::test_power_factor_negative_returns_422
FAILED tests/test_api.py::TestMissingFields::test_missing_event_id_returns_422
FAILED tests/test_api.py::TestMissingFields::test_missing_signals_returns_422
FAILED tests/test_api.py::TestMissingFields::test_missing_voltage_returns_422
FAILED tests/test_assessor.py::TestHealthScoreComputation::test_health_formula_is_deterministic
FAILED tests/test_assessor.py::TestHealthScoreComputation::test_same_input_same_output
FAILED tests/test_reports.py::TestExcelGeneration::test_generates_valid_excel_bytes
FAILED tests/test_reports.py::TestExcelGeneration::test_excel_starts_with_magic_bytes
FAILED tests/test_reports.py::TestExcelGeneration::test_excel_can_be_read_by_pandas
FAILED tests/test_reports.py::TestSnapshotRule::test_uses_provided_health_score_in_excel
FAILED tests/test_reports.py::TestSnapshotRule::test_uses_provided_timestamp_in_excel
FAILED tests/test_reports.py::TestContentCompleteness::test_includes_maintenance_window
FAILED tests/test_reports.py::TestContentCompleteness::test_includes_risk_level
FAILED tests/test_reports.py::TestContentCompleteness::test_includes_model_version
FAILED tests/test_storage.py::TestConnection::test_config_loads_from_environment
===== 22 failed, 142 passed, 13 skipped, 4 warnings in 105.15s (0:01:45) ======
